<html>
<body>
<pre>
<h1>µVision Build Log</h1>
<h2>Tool Versions:</h2>
IDE-Version: ¦ÌVision V5.21.1.0
Copyright (C) 2016 ARM Ltd and ARM Germany GmbH. All rights reserved.
License Information: l yh, 123, LIC=585FJ-UAS9I-9UK4U-SBQYC-TE5BM-WRH9T
 
Tool Versions:
Toolchain:       MDK-ARM Plus  Version: 5.21a
Toolchain Path:  D:\Keil_v5\ARM\ARMCC\Bin
C Compiler:      Armcc.exe V5.06 update 3 (build 300)
Assembler:       Armasm.exe V5.06 update 3 (build 300)
Linker/Locator:  ArmLink.exe V5.06 update 3 (build 300)
Library Manager: ArmAr.exe V5.06 update 3 (build 300)
Hex Converter:   FromElf.exe V5.06 update 3 (build 300)
CPU DLL:         SARMCM3.DLL V5.21a
Dialog DLL:      DARMCM1.DLL V1.14.0.0
Target DLL:      STLink\ST-LINKIII-KEIL_SWO.dll V2.0.18.0
Dialog DLL:      TARMCM1.DLL V1.10.0.0
 
<h2>Project:</h2>
E:\lyh\products\FAN HAT\SG-FAN-HAT-B\demo codes\stm32\MDK-ARM\FAN-1.0.uvprojx
Project File Date:  09/18/2023

<h2>Output:</h2>
*** Using Compiler 'V5.06 update 3 (build 300)', folder: 'D:\Keil_v5\ARM\ARMCC\Bin'
Build target 'FAN-1.0'
compiling tim.c...
linking...
Program Size: Code=13344 RO-data=320 RW-data=72 ZI-data=2920  
FromELF: creating hex file...
"FAN-1.0\FAN-1.0" - 0 Error(s), 0 Warning(s).

<h2>Software Packages used:</h2>

Package Vendor: ARM
                http://www.keil.com/pack/ARM.CMSIS.4.5.0.pack
                ARM::CMSIS:CORE:4.3.0
                CMSIS (Cortex Microcontroller Software Interface Standard)
   * Component: CORE Version: 4.3.0

<h2>Collection of Component include folders:</h2>
  E:\lyh\products\FAN HAT\SG-FAN-HAT-B\demo codes\stm32\MDK-ARM\RTE
  D:\Keil_v5\ARM\PACK\ARM\CMSIS\4.5.0\CMSIS\Include
  D:\Keil_v5\ARM\PACK\Keil\STM32F0xx_DFP\2.1.0\Drivers\CMSIS\Device\ST\STM32F0xx\Include

<h2>Collection of Component Files used:</h2>

   * Component: ARM::CMSIS:CORE:4.3.0
Build Time Elapsed:  00:00:00
</pre>
</body>
</html>
