Component: ARM Compiler 5.06 update 3 (build 300) Tool: armlink [4d35c9]

==============================================================================

Section Cross References

    startup_stm32f030x6.o(STACK) refers (Special) to heapauxi.o(.text) for __use_two_region_memory
    startup_stm32f030x6.o(HEAP) refers (Special) to heapauxi.o(.text) for __use_two_region_memory
    startup_stm32f030x6.o(RESET) refers (Special) to heapauxi.o(.text) for __use_two_region_memory
    startup_stm32f030x6.o(RESET) refers to startup_stm32f030x6.o(STACK) for __initial_sp
    startup_stm32f030x6.o(RESET) refers to startup_stm32f030x6.o(.text) for Reset_Handler
    startup_stm32f030x6.o(RESET) refers to stm32f0xx_it.o(i.NMI_Handler) for NMI_Handler
    startup_stm32f030x6.o(RESET) refers to stm32f0xx_it.o(i.HardFault_Handler) for HardFault_Handler
    startup_stm32f030x6.o(RESET) refers to stm32f0xx_it.o(i.SVC_Handler) for SVC_Handler
    startup_stm32f030x6.o(RESET) refers to stm32f0xx_it.o(i.PendSV_Handler) for PendSV_Handler
    startup_stm32f030x6.o(RESET) refers to stm32f0xx_it.o(i.SysTick_Handler) for SysTick_Handler
    startup_stm32f030x6.o(RESET) refers to stm32f0xx_it.o(i.DMA1_Channel4_5_IRQHandler) for DMA1_Channel4_5_IRQHandler
    startup_stm32f030x6.o(RESET) refers to stm32f0xx_it.o(i.TIM14_IRQHandler) for TIM14_IRQHandler
    startup_stm32f030x6.o(RESET) refers to stm32f0xx_it.o(i.I2C1_IRQHandler) for I2C1_IRQHandler
    startup_stm32f030x6.o(.text) refers (Special) to heapauxi.o(.text) for __use_two_region_memory
    startup_stm32f030x6.o(.text) refers to system_stm32f0xx.o(i.SystemInit) for SystemInit
    startup_stm32f030x6.o(.text) refers to __main.o(!!!main) for __main
    startup_stm32f030x6.o(.text) refers to startup_stm32f030x6.o(HEAP) for Heap_Mem
    startup_stm32f030x6.o(.text) refers to startup_stm32f030x6.o(STACK) for Stack_Mem
    main.o(i.SystemClock_Config) refers to rt_memclr.o(.text) for __aeabi_memclr4
    main.o(i.SystemClock_Config) refers to stm32f0xx_hal_rcc.o(i.HAL_RCC_OscConfig) for HAL_RCC_OscConfig
    main.o(i.SystemClock_Config) refers to stm32f0xx_hal_rcc.o(i.HAL_RCC_ClockConfig) for HAL_RCC_ClockConfig
    main.o(i.SystemClock_Config) refers to stm32f0xx_hal_rcc_ex.o(i.HAL_RCCEx_PeriphCLKConfig) for HAL_RCCEx_PeriphCLKConfig
    main.o(i.main) refers to stm32f0xx_hal.o(i.HAL_Init) for HAL_Init
    main.o(i.main) refers to main.o(i.SystemClock_Config) for SystemClock_Config
    main.o(i.main) refers to gpio.o(i.MX_GPIO_Init) for MX_GPIO_Init
    main.o(i.main) refers to dma.o(i.MX_DMA_Init) for MX_DMA_Init
    main.o(i.main) refers to i2c.o(i.MX_I2C1_Init) for MX_I2C1_Init
    main.o(i.main) refers to tim.o(i.MX_TIM1_Init) for MX_TIM1_Init
    main.o(i.main) refers to tim.o(i.MX_TIM3_Init) for MX_TIM3_Init
    main.o(i.main) refers to tim.o(i.MX_TIM14_Init) for MX_TIM14_Init
    main.o(i.main) refers to stm32f0xx_hal_tim.o(i.HAL_TIM_Base_Start_IT) for HAL_TIM_Base_Start_IT
    main.o(i.main) refers to stm32f0xx_hal_tim_ex.o(i.HAL_TIMEx_PWMN_Start) for HAL_TIMEx_PWMN_Start
    main.o(i.main) refers to rt_memcpy.o(.text) for __aeabi_memcpy
    main.o(i.main) refers to ws2812.o(i.rgb_show) for rgb_show
    main.o(i.main) refers to stm32f0xx_hal_i2c.o(i.HAL_I2C_Slave_Receive) for HAL_I2C_Slave_Receive
    main.o(i.main) refers to stm32f0xx_hal_i2c.o(i.HAL_I2C_Slave_Transmit) for HAL_I2C_Slave_Transmit
    main.o(i.main) refers to key.o(i.key_scanf) for key_scanf
    main.o(i.main) refers to tim.o(.bss) for htim14
    main.o(i.main) refers to ws2812.o(.data) for T_3
    main.o(i.main) refers to main.o(.bss) for .bss
    main.o(i.main) refers to main.o(.data) for .data
    main.o(i.main) refers to i2c.o(.bss) for hi2c1
    gpio.o(i.MX_GPIO_Init) refers to rt_memclr.o(.text) for __aeabi_memclr4
    gpio.o(i.MX_GPIO_Init) refers to stm32f0xx_hal_gpio.o(i.HAL_GPIO_WritePin) for HAL_GPIO_WritePin
    gpio.o(i.MX_GPIO_Init) refers to stm32f0xx_hal_gpio.o(i.HAL_GPIO_Init) for HAL_GPIO_Init
    dma.o(i.MX_DMA_Init) refers to stm32f0xx_hal_cortex.o(i.HAL_NVIC_SetPriority) for HAL_NVIC_SetPriority
    dma.o(i.MX_DMA_Init) refers to stm32f0xx_hal_cortex.o(i.HAL_NVIC_EnableIRQ) for HAL_NVIC_EnableIRQ
    i2c.o(i.HAL_I2C_MspDeInit) refers to stm32f0xx_hal_gpio.o(i.HAL_GPIO_DeInit) for HAL_GPIO_DeInit
    i2c.o(i.HAL_I2C_MspDeInit) refers to stm32f0xx_hal_cortex.o(i.HAL_NVIC_DisableIRQ) for HAL_NVIC_DisableIRQ
    i2c.o(i.HAL_I2C_MspInit) refers to rt_memclr.o(.text) for __aeabi_memclr4
    i2c.o(i.HAL_I2C_MspInit) refers to stm32f0xx_hal_gpio.o(i.HAL_GPIO_Init) for HAL_GPIO_Init
    i2c.o(i.HAL_I2C_MspInit) refers to stm32f0xx_hal_cortex.o(i.HAL_NVIC_SetPriority) for HAL_NVIC_SetPriority
    i2c.o(i.HAL_I2C_MspInit) refers to stm32f0xx_hal_cortex.o(i.HAL_NVIC_EnableIRQ) for HAL_NVIC_EnableIRQ
    i2c.o(i.MX_I2C1_Init) refers to stm32f0xx_hal_i2c.o(i.HAL_I2C_Init) for HAL_I2C_Init
    i2c.o(i.MX_I2C1_Init) refers to main.o(i.Error_Handler) for Error_Handler
[...]
    ../Core/Src/i2c.c                        0x00000000   Number         0  i2c.o ABSOLUTE
    ../Core/Src/main.c                       0x00000000   Number         0  main.o ABSOLUTE
    ../Core/Src/stm32f0xx_hal_msp.c          0x00000000   Number         0  stm32f0xx_hal_msp.o ABSOLUTE
    ../Core/Src/stm32f0xx_it.c               0x00000000   Number         0  stm32f0xx_it.o ABSOLUTE
    ../Core/Src/system_stm32f0xx.c           0x00000000   Number         0  system_stm32f0xx.o ABSOLUTE
    ../Core/Src/tim.c                        0x00000000   Number         0  tim.o ABSOLUTE
    ../Drivers/STM32F0xx_HAL_Driver/Src/stm32f0xx_hal.c 0x00000000   Number         0  stm32f0xx_hal.o ABSOLUTE
    ../Drivers/STM32F0xx_HAL_Driver/Src/stm32f0xx_hal_cortex.c 0x00000000   Number         0  stm32f0xx_hal_cortex.o ABSOLUTE
    ../Drivers/STM32F0xx_HAL_Driver/Src/stm32f0xx_hal_dma.c 0x00000000   Number         0  stm32f0xx_hal_dma.o ABSOLUTE
    ../Drivers/STM32F0xx_HAL_Driver/Src/stm32f0xx_hal_exti.c 0x00000000   Number         0  stm32f0xx_hal_exti.o ABSOLUTE
    ../Drivers/STM32F0xx_HAL_Driver/Src/stm32f0xx_hal_flash.c 0x00000000   Number         0  stm32f0xx_hal_flash.o ABSOLUTE
    ../Drivers/STM32F0xx_HAL_Driver/Src/stm32f0xx_hal_flash_ex.c 0x00000000   Number         0  stm32f0xx_hal_flash_ex.o ABSOLUTE
    ../Drivers/STM32F0xx_HAL_Driver/Src/stm32f0xx_hal_gpio.c 0x00000000   Number         0  stm32f0xx_hal_gpio.o ABSOLUTE
    ../Drivers/STM32F0xx_HAL_Driver/Src/stm32f0xx_hal_i2c.c 0x00000000   Number         0  stm32f0xx_hal_i2c.o ABSOLUTE
    ../Drivers/STM32F0xx_HAL_Driver/Src/stm32f0xx_hal_i2c_ex.c 0x00000000   Number         0  stm32f0xx_hal_i2c_ex.o ABSOLUTE
    ../Drivers/STM32F0xx_HAL_Driver/Src/stm32f0xx_hal_pwr.c 0x00000000   Number         0  stm32f0xx_hal_pwr.o ABSOLUTE
    ../Drivers/STM32F0xx_HAL_Driver/Src/stm32f0xx_hal_pwr_ex.c 0x00000000   Number         0  stm32f0xx_hal_pwr_ex.o ABSOLUTE
    ../Drivers/STM32F0xx_HAL_Driver/Src/stm32f0xx_hal_rcc.c 0x00000000   Number         0  stm32f0xx_hal_rcc.o ABSOLUTE
    ../Drivers/STM32F0xx_HAL_Driver/Src/stm32f0xx_hal_rcc_ex.c 0x00000000   Number         0  stm32f0xx_hal_rcc_ex.o ABSOLUTE
    ../Drivers/STM32F0xx_HAL_Driver/Src/stm32f0xx_hal_tim.c 0x00000000   Number         0  stm32f0xx_hal_tim.o ABSOLUTE
    ../Drivers/STM32F0xx_HAL_Driver/Src/stm32f0xx_hal_tim_ex.c 0x00000000   Number         0  stm32f0xx_hal_tim_ex.o ABSOLUTE
    ../clib/angel/boardlib.s                 0x00000000   Number         0  boardshut.o ABSOLUTE
    ../clib/angel/boardlib.s                 0x00000000   Number         0  boardinit1.o ABSOLUTE
    ../clib/angel/boardlib.s                 0x00000000   Number         0  boardinit2.o ABSOLUTE
    ../clib/angel/boardlib.s                 0x00000000   Number         0  boardinit3.o ABSOLUTE
    ../clib/angel/handlers.s                 0x00000000   Number         0  __scatter_copy.o ABSOLUTE
    ../clib/angel/handlers.s                 0x00000000   Number         0  __scatter_zi.o ABSOLUTE
    ../clib/angel/kernel.s                   0x00000000   Number         0  rtexit.o ABSOLUTE
    ../clib/angel/kernel.s                   0x00000000   Number         0  __rtentry.o ABSOLUTE
    ../clib/angel/kernel.s                   0x00000000   Number         0  __rtentry4.o ABSOLUTE
    ../clib/angel/kernel.s                   0x00000000   Number         0  __rtentry2.o ABSOLUTE
    ../clib/angel/kernel.s                   0x00000000   Number         0  rtexit2.o ABSOLUTE
    ../clib/angel/rt.s                       0x00000000   Number         0  rt_div0.o ABSOLUTE
    ../clib/angel/rt.s                       0x00000000   Number         0  rt_raise.o ABSOLUTE
    ../clib/angel/rt.s                       0x00000000   Number         0  aeabi_ldiv0_sigfpe.o ABSOLUTE
    ../clib/angel/rt.s                       0x00000000   Number         0  aeabi_ldiv0.o ABSOLUTE
    ../clib/angel/rt.s                       0x00000000   Number         0  aeabi_idiv0_sigfpe.o ABSOLUTE
    ../clib/angel/rt.s                       0x00000000   Number         0  aeabi_idiv0.o ABSOLUTE
    ../clib/angel/scatterp.s                 0x00000000   Number         0  __scatter.o ABSOLUTE
    ../clib/angel/startup.s                  0x00000000   Number         0  __main.o ABSOLUTE
    ../clib/angel/sys.s                      0x00000000   Number         0  tempstk.o ABSOLUTE
    ../clib/angel/sys.s                      0x00000000   Number         0  libspace.o ABSOLUTE
    ../clib/angel/sys.s                      0x00000000   Number         0  indicate_semi.o ABSOLUTE
    ../clib/angel/sys.s                      0x00000000   Number         0  use_no_semi.o ABSOLUTE
    ../clib/angel/sys.s                      0x00000000   Number         0  sys_stackheap_outer.o ABSOLUTE
    ../clib/angel/sysapp.c                   0x00000000   Number         0  sys_exit.o ABSOLUTE
    ../clib/angel/sysapp.c                   0x00000000   Number         0  sys_command.o ABSOLUTE
    ../clib/angel/sysapp.c                   0x00000000   Number         0  sys_wrch.o ABSOLUTE
    ../clib/armsys.c                         0x00000000   Number         0  _get_argv_nomalloc.o ABSOLUTE
    ../clib/armsys.c                         0x00000000   Number         0  no_argv.o ABSOLUTE
    ../clib/armsys.c                         0x00000000   Number         0  argv_veneer.o ABSOLUTE
    ../clib/division.c                       0x00000000   Number         0  lludiv.o ABSOLUTE
    ../clib/division.s                       0x00000000   Number         0  aeabi_sdiv.o ABSOLUTE
    ../clib/division.s                       0x00000000   Number         0  aeabi_sdiv_div0.o ABSOLUTE
    ../clib/heapalloc.c                      0x00000000   Number         0  hrguard.o ABSOLUTE
    ../clib/heapaux.c                        0x00000000   Number         0  heapauxi.o ABSOLUTE
    ../clib/libinit.s                        0x00000000   Number         0  libinit2.o ABSOLUTE
    ../clib/libinit.s                        0x00000000   Number         0  libinit.o ABSOLUTE
    ../clib/libinit.s                        0x00000000   Number         0  libshutdown.o ABSOLUTE
    ../clib/libinit.s                        0x00000000   Number         0  libshutdown2.o ABSOLUTE
    ../clib/longlong.c                       0x00000000   Number         0  llushr.o ABSOLUTE
    ../clib/memcpset.c                       0x00000000   Number         0  rt_memclr.o ABSOLUTE
    ../clib/memcpset.c                       0x00000000   Number         0  rt_memcpy.o ABSOLUTE
    ../clib/memcpset.c                       0x00000000   Number         0  rt_memcpy.o ABSOLUTE
    ../clib/signal.c                         0x00000000   Number         0  defsig_general.o ABSOLUTE
    ../clib/signal.c                         0x00000000   Number         0  defsig_rtmem_inner.o ABSOLUTE
    ../clib/signal.c                         0x00000000   Number         0  defsig_rtmem_outer.o ABSOLUTE
    ../clib/signal.c                         0x00000000   Number         0  defsig_pvfn_inner.o ABSOLUTE
    ../clib/signal.c                         0x00000000   Number         0  defsig_rtmem_formal.o ABSOLUTE
    ../clib/signal.c                         0x00000000   Number         0  defsig_fpe_outer.o ABSOLUTE
    ../clib/signal.c                         0x00000000   Number         0  defsig_fpe_formal.o ABSOLUTE
    ../clib/signal.c                         0x00000000   Number         0  defsig_abrt_inner.o ABSOLUTE
    ../clib/signal.c                         0x00000000   Number         0  defsig_rtred_inner.o ABSOLUTE
    ../clib/signal.c                         0x00000000   Number         0  defsig_stak_inner.o ABSOLUTE
    ../clib/signal.c                         0x00000000   Number         0  defsig_exit.o ABSOLUTE
    ../clib/signal.c                         0x00000000   Number         0  defsig_segv_inner.o ABSOLUTE
    ../clib/signal.c                         0x00000000   Number         0  defsig_other.o ABSOLUTE
    ../clib/signal.c                         0x00000000   Number         0  defsig_cppl_inner.o ABSOLUTE
    ../clib/signal.c                         0x00000000   Number         0  __raise.o ABSOLUTE
    ../clib/signal.c                         0x00000000   Number         0  defsig_fpe_inner.o ABSOLUTE
    ../clib/signal.s                         0x00000000   Number         0  defsig.o ABSOLUTE
    ../clib/stdlib.c                         0x00000000   Number         0  rand.o ABSOLUTE
    ../clib/stdlib.c                         0x00000000   Number         0  rand.o ABSOLUTE
    ../clib/stdlib.c                         0x00000000   Number         0  exit.o ABSOLUTE
    ../fplib/cfplib/fdiv.c                   0x00000000   Number         0  fdiv.o ABSOLUTE
    ../fplib/cfplib/ffix.c                   0x00000000   Number         0  ffixui.o ABSOLUTE
    ../fplib/cfplib/fflt.c                   0x00000000   Number         0  fflti.o ABSOLUTE
    ../fplib/cfplib/fpinit.c                 0x00000000   Number         0  fpinit.o ABSOLUTE
    ../fplib/fmul6m.s                        0x00000000   Number         0  fmul.o ABSOLUTE
    ../fplib/usenofp.s                       0x00000000   Number         0  usenofp.o ABSOLUTE
    ..\Core\Src\dma.c                        0x00000000   Number         0  dma.o ABSOLUTE
    ..\Core\Src\gpio.c                       0x00000000   Number         0  gpio.o ABSOLUTE
    ..\Core\Src\i2c.c                        0x00000000   Number         0  i2c.o ABSOLUTE
    ..\Core\Src\key.c                        0x00000000   Number         0  key.o ABSOLUTE
    ..\Core\Src\led.c                        0x00000000   Number         0  led.o ABSOLUTE
    ..\Core\Src\main.c                       0x00000000   Number         0  main.o ABSOLUTE
    ..\Core\Src\stm32f0xx_hal_msp.c          0x00000000   Number         0  stm32f0xx_hal_msp.o ABSOLUTE
    ..\Core\Src\stm32f0xx_it.c               0x00000000   Number         0  stm32f0xx_it.o ABSOLUTE
    ..\Core\Src\system_stm32f0xx.c           0x00000000   Number         0  system_stm32f0xx.o ABSOLUTE
    ..\Core\Src\tim.c                        0x00000000   Number         0  tim.o ABSOLUTE
    ..\Core\Src\ws2812.c                     0x00000000   Number         0  ws2812.o ABSOLUTE
    ..\Drivers\STM32F0xx_HAL_Driver\Src\stm32f0xx_hal.c 0x00000000   Number         0  stm32f0xx_hal.o ABSOLUTE
    ..\Drivers\STM32F0xx_HAL_Driver\Src\stm32f0xx_hal_cortex.c 0x00000000   Number         0  stm32f0xx_hal_cortex.o ABSOLUTE
    ..\Drivers\STM32F0xx_HAL_Driver\Src\stm32f0xx_hal_dma.c 0x00000000   Number         0  stm32f0xx_hal_dma.o ABSOLUTE
    ..\Drivers\STM32F0xx_HAL_Driver\Src\stm32f0xx_hal_exti.c 0x00000000   Number         0  stm32f0xx_hal_exti.o ABSOLUTE
    ..\Drivers\STM32F0xx_HAL_Driver\Src\stm32f0xx_hal_flash.c 0x00000000   Number         0  stm32f0xx_hal_flash.o ABSOLUTE
    ..\Drivers\STM32F0xx_HAL_Driver\Src\stm32f0xx_hal_flash_ex.c 0x00000000   Number         0  stm32f0xx_hal_flash_ex.o ABSOLUTE
    ..\Drivers\STM32F0xx_HAL_Driver\Src\stm32f0xx_hal_gpio.c 0x00000000   Number         0  stm32f0xx_hal_gpio.o ABSOLUTE
    ..\Drivers\STM32F0xx_HAL_Driver\Src\stm32f0xx_hal_i2c.c 0x00000000   Number         0  stm32f0xx_hal_i2c.o ABSOLUTE
    ..\Drivers\STM32F0xx_HAL_Driver\Src\stm32f0xx_hal_i2c_ex.c 0x00000000   Number         0  stm32f0xx_hal_i2c_ex.o ABSOLUTE
    ..\Drivers\STM32F0xx_HAL_Driver\Src\stm32f0xx_hal_pwr.c 0x00000000   Number         0  stm32f0xx_hal_pwr.o ABSOLUTE
    ..\Drivers\STM32F0xx_HAL_Driver\Src\stm32f0xx_hal_pwr_ex.c 0x00000000   Number         0  stm32f0xx_hal_pwr_ex.o ABSOLUTE
    ..\Drivers\STM32F0xx_HAL_Driver\Src\stm32f0xx_hal_rcc.c 0x00000000   Number         0  stm32f0xx_hal_rcc.o ABSOLUTE
    ..\Drivers\STM32F0xx_HAL_Driver\Src\stm32f0xx_hal_rcc_ex.c 0x00000000   Number         0  stm32f0xx_hal_rcc_ex.o ABSOLUTE
    ..\Drivers\STM32F0xx_HAL_Driver\Src\stm32f0xx_hal_tim.c 0x00000000   Number         0  stm32f0xx_hal_tim.o ABSOLUTE
    ..\Drivers\STM32F0xx_HAL_Driver\Src\stm32f0xx_hal_tim_ex.c 0x00000000   Number         0  stm32f0xx_hal_tim_ex.o ABSOLUTE
    ..\\Core\\Src\\key.c                     0x00000000   Number         0  key.o ABSOLUTE
    ..\\Core\\Src\\led.c                     0x00000000   Number         0  led.o ABSOLUTE
    ..\\Core\\Src\\ws2812.c                  0x00000000   Number         0  ws2812.o ABSOLUTE
    dc.s                                     0x00000000   Number         0  dc.o ABSOLUTE
    startup_stm32f030x6.s                    0x00000000   Number         0  startup_stm32f030x6.o ABSOLUTE
    RESET                                    0x08000000   Section      176  startup_stm32f030x6.o(RESET)
    !!!main                                  0x080000b0   Section        8  __main.o(!!!main)
    !!!scatter                               0x080000b8   Section       60  __scatter.o(!!!scatter)
    !!handler_copy                           0x080000f4   Section       26  __scatter_copy.o(!!handler_copy)
    !!handler_zi                             0x08000110   Section       28  __scatter_zi.o(!!handler_zi)
    .ARM.Collect$$libinit$$00000000          0x0800012c   Section        2  libinit.o(.ARM.Collect$$libinit$$00000000)
    .ARM.Collect$$libinit$$00000002          0x0800012e   Section        0  libinit2.o(.ARM.Collect$$libinit$$00000002)
    .ARM.Collect$$libinit$$00000004          0x0800012e   Section        0  libinit2.o(.ARM.Collect$$libinit$$00000004)
    .ARM.Collect$$libinit$$0000000A          0x0800012e   Section        0  libinit2.o(.ARM.Collect$$libinit$$0000000A)
    .ARM.Collect$$libinit$$0000000C          0x0800012e   Section        0  libinit2.o(.ARM.Collect$$libinit$$0000000C)
    .ARM.Collect$$libinit$$0000000D          0x0800012e   Section        4  libinit2.o(.ARM.Collect$$libinit$$0000000D)
    .ARM.Collect$$libinit$$0000000E          0x08000132   Section        0  libinit2.o(.ARM.Collect$$libinit$$0000000E)
    .ARM.Collect$$libinit$$00000011          0x08000132   Section        0  libinit2.o(.ARM.Collect$$libinit$$00000011)
    .ARM.Collect$$libinit$$00000013          0x08000132   Section        0  libinit2.o(.ARM.Collect$$libinit$$00000013)
    .ARM.Collect$$libinit$$00000015          0x08000132   Section        0  libinit2.o(.ARM.Collect$$libinit$$00000015)
    .ARM.Collect$$libinit$$00000017          0x08000132   Section        0  libinit2.o(.ARM.Collect$$libinit$$00000017)
    .ARM.Collect$$libinit$$00000019          0x08000132   Section        0  libinit2.o(.ARM.Collect$$libinit$$00000019)
    .ARM.Collect$$libinit$$0000001B          0x08000132   Section        0  libinit2.o(.ARM.Collect$$libinit$$0000001B)
    .ARM.Collect$$libinit$$0000001D          0x08000132   Section        0  libinit2.o(.ARM.Collect$$libinit$$0000001D)
    .ARM.Collect$$libinit$$0000001F          0x08000132   Section        0  libinit2.o(.ARM.Collect$$libinit$$0000001F)
    .ARM.Collect$$libinit$$00000021          0x08000132   Section        0  libinit2.o(.ARM.Collect$$libinit$$00000021)
    .ARM.Collect$$libinit$$00000023          0x08000132   Section        0  libinit2.o(.ARM.Collect$$libinit$$00000023)
    .ARM.Collect$$libinit$$00000025          0x08000132   Section        0  libinit2.o(.ARM.Collect$$libinit$$00000025)
    .ARM.Collect$$libinit$$0000002C          0x08000132   Section        0  libinit2.o(.ARM.Collect$$libinit$$0000002C)
    .ARM.Collect$$libinit$$0000002E          0x08000132   Section        0  libinit2.o(.ARM.Collect$$libinit$$0000002E)
    .ARM.Collect$$libinit$$00000030          0x08000132   Section        0  libinit2.o(.ARM.Collect$$libinit$$00000030)
    .ARM.Collect$$libinit$$00000032          0x08000132   Section        0  libinit2.o(.ARM.Collect$$libinit$$00000032)
    .ARM.Collect$$libinit$$00000033          0x08000132   Section        2  libinit2.o(.ARM.Collect$$libinit$$00000033)
    .ARM.Collect$$libshutdown$$00000000      0x08000134   Section        2  libshutdown.o(.ARM.Collect$$libshutdown$$00000000)
    .ARM.Collect$$libshutdown$$00000002      0x08000136   Section        0  libshutdown2.o(.ARM.Collect$$libshutdown$$00000002)
    .ARM.Collect$$libshutdown$$00000004      0x08000136   Section        0  libshutdown2.o(.ARM.Collect$$libshutdown$$00000004)
    .ARM.Collect$$libshutdown$$00000007      0x08000136   Section        0  libshutdown2.o(.ARM.Collect$$libshutdown$$00000007)
    .ARM.Collect$$libshutdown$$0000000A      0x08000136   Section        0  libshutdown2.o(.ARM.Collect$$libshutdown$$0000000A)
    .ARM.Collect$$libshutdown$$0000000C      0x08000136   Section        0  libshutdown2.o(.ARM.Collect$$libshutdown$$0000000C)
    .ARM.Collect$$libshutdown$$0000000F      0x08000136   Section        0  libshutdown2.o(.ARM.Collect$$libshutdown$$0000000F)
    .ARM.Collect$$libshutdown$$00000010      0x08000136   Section        2  libshutdown2.o(.ARM.Collect$$libshutdown$$00000010)
    .ARM.Collect$$rtentry$$00000000          0x08000138   Section        0  __rtentry.o(.ARM.Collect$$rtentry$$00000000)
    .ARM.Collect$$rtentry$$00000002          0x08000138   Section        0  __rtentry2.o(.ARM.Collect$$rtentry$$00000002)
    .ARM.Collect$$rtentry$$00000004          0x08000138   Section        6  __rtentry4.o(.ARM.Collect$$rtentry$$00000004)
    .ARM.Collect$$rtentry$$00000009          0x0800013e   Section        0  __rtentry2.o(.ARM.Collect$$rtentry$$00000009)
    .ARM.Collect$$rtentry$$0000000A          0x0800013e   Section        4  __rtentry2.o(.ARM.Collect$$rtentry$$0000000A)
    .ARM.Collect$$rtentry$$0000000C          0x08000142   Section        0  __rtentry2.o(.ARM.Collect$$rtentry$$0000000C)
    .ARM.Collect$$rtentry$$0000000D          0x08000142   Section        8  __rtentry2.o(.ARM.Collect$$rtentry$$0000000D)
    .ARM.Collect$$rtexit$$00000000           0x0800014a   Section        2  rtexit.o(.ARM.Collect$$rtexit$$00000000)
    .ARM.Collect$$rtexit$$00000002           0x0800014c   Section        0  rtexit2.o(.ARM.Collect$$rtexit$$00000002)
    .ARM.Collect$$rtexit$$00000003           0x0800014c   Section        4  rtexit2.o(.ARM.Collect$$rtexit$$00000003)
    .ARM.Collect$$rtexit$$00000004           0x08000150   Section        6  rtexit2.o(.ARM.Collect$$rtexit$$00000004)
    .emb_text                                0x08000158   Section       56  rand.o(.emb_text)
    .emb_text                                0x08000190   Section       56  rt_memcpy.o(.emb_text)
    .text                                    0x080001c8   Section       56  startup_stm32f030x6.o(.text)
    .text                                    0x08000200   Section        0  lludiv.o(.text)
    .text                                    0x08000304   Section        0  rand.o(.text)
    .text                                    0x08000340   Section        0  rt_memcpy.o(.text)
    .text                                    0x080003c2   Section        0  rt_memclr.o(.text)
    .text                                    0x08000402   Section      346  aeabi_sdiv.o(.text)
    .text                                    0x0800055c   Section        0  heapauxi.o(.text)
    .text                                    0x08000564   Section        0  fdiv.o(.text)
    .text                                    0x080006c4   Section        0  ffixui.o(.text)
    .text                                    0x080006f4   Section        0  fflti.o(.text)
    .text                                    0x08000752   Section       62  sys_stackheap_outer.o(.text)
    .text                                    0x08000790   Section        0  exit.o(.text)
    .text                                    0x080007a0   Section        8  libspace.o(.text)
    .text                                    0x080007a8   Section        0  sys_exit.o(.text)
    .text                                    0x080007b4   Section        2  use_no_semi.o(.text)
    .text                                    0x080007b6   Section        0  indicate_semi.o(.text)
    i.DMA1_Channel4_5_IRQHandler             0x080007b8   Section        0  stm32f0xx_it.o(i.DMA1_Channel4_5_IRQHandler)
    i.DMA_CalcBaseAndBitshift                0x080007c8   Section        0  stm32f0xx_hal_dma.o(i.DMA_CalcBaseAndBitshift)
    DMA_CalcBaseAndBitshift                  0x080007c9   Thumb Code    26  stm32f0xx_hal_dma.o(i.DMA_CalcBaseAndBitshift)
    i.DMA_SetConfig                          0x080007ec   Section        0  stm32f0xx_hal_dma.o(i.DMA_SetConfig)
    DMA_SetConfig                            0x080007ed   Thumb Code    40  stm32f0xx_hal_dma.o(i.DMA_SetConfig)
    i.Error_Handler                          0x08000814   Section        0  main.o(i.Error_Handler)
    i.HAL_DMA_Abort_IT                       0x08000818   Section        0  stm32f0xx_hal_dma.o(i.HAL_DMA_Abort_IT)
    i.HAL_DMA_GetState                       0x08000860   Section        0  stm32f0xx_hal_dma.o(i.HAL_DMA_GetState)
    i.HAL_DMA_IRQHandler                     0x08000866   Section        0  stm32f0xx_hal_dma.o(i.HAL_DMA_IRQHandler)
    i.HAL_DMA_Init                           0x08000904   Section        0  stm32f0xx_hal_dma.o(i.HAL_DMA_Init)
    i.HAL_DMA_Start_IT                       0x08000958   Section        0  stm32f0xx_hal_dma.o(i.HAL_DMA_Start_IT)
    i.HAL_Delay                              0x080009c4   Section        0  stm32f0xx_hal.o(i.HAL_Delay)
    i.HAL_GPIO_Init                          0x080009e8   Section        0  stm32f0xx_hal_gpio.o(i.HAL_GPIO_Init)
    i.HAL_GPIO_ReadPin                       0x08000b8c   Section        0  stm32f0xx_hal_gpio.o(i.HAL_GPIO_ReadPin)
    i.HAL_GPIO_WritePin                      0x08000b96   Section        0  stm32f0xx_hal_gpio.o(i.HAL_GPIO_WritePin)
    i.HAL_GetTick                            0x08000ba4   Section        0  stm32f0xx_hal.o(i.HAL_GetTick)
    i.HAL_I2CEx_ConfigAnalogFilter           0x08000bb0   Section        0  stm32f0xx_hal_i2c_ex.o(i.HAL_I2CEx_ConfigAnalogFilter)
    i.HAL_I2CEx_ConfigDigitalFilter          0x08000bfa   Section        0  stm32f0xx_hal_i2c_ex.o(i.HAL_I2CEx_ConfigDigitalFilter)
    i.HAL_I2C_AbortCpltCallback              0x08000c42   Section        0  stm32f0xx_hal_i2c.o(i.HAL_I2C_AbortCpltCallback)
    i.HAL_I2C_AddrCallback                   0x08000c44   Section        0  stm32f0xx_hal_i2c.o(i.HAL_I2C_AddrCallback)
    i.HAL_I2C_ER_IRQHandler                  0x08000c46   Section        0  stm32f0xx_hal_i2c.o(i.HAL_I2C_ER_IRQHandler)
    i.HAL_I2C_EV_IRQHandler                  0x08000ca4   Section        0  stm32f0xx_hal_i2c.o(i.HAL_I2C_EV_IRQHandler)
    i.HAL_I2C_ErrorCallback                  0x08000cb4   Section        0  stm32f0xx_hal_i2c.o(i.HAL_I2C_ErrorCallback)
    i.HAL_I2C_Init                           0x08000cb8   Section        0  stm32f0xx_hal_i2c.o(i.HAL_I2C_Init)
    i.HAL_I2C_ListenCpltCallback             0x08000d6c   Section        0  stm32f0xx_hal_i2c.o(i.HAL_I2C_ListenCpltCallback)
    i.HAL_I2C_MspInit                        0x08000d70   Section        0  i2c.o(i.HAL_I2C_MspInit)
    i.HAL_I2C_SlaveRxCpltCallback            0x08000de4   Section        0  stm32f0xx_hal_i2c.o(i.HAL_I2C_SlaveRxCpltCallback)
    i.HAL_I2C_SlaveTxCpltCallback            0x08000de6   Section        0  stm32f0xx_hal_i2c.o(i.HAL_I2C_SlaveTxCpltCallback)
    i.HAL_I2C_Slave_Receive                  0x08000de8   Section        0  stm32f0xx_hal_i2c.o(i.HAL_I2C_Slave_Receive)
    i.HAL_I2C_Slave_Transmit                 0x08000f0e   Section        0  stm32f0xx_hal_i2c.o(i.HAL_I2C_Slave_Transmit)
    i.HAL_IncTick                            0x08001064   Section        0  stm32f0xx_hal.o(i.HAL_IncTick)
    i.HAL_Init                               0x08001074   Section        0  stm32f0xx_hal.o(i.HAL_Init)
    i.HAL_InitTick                           0x08001094   Section        0  stm32f0xx_hal.o(i.HAL_InitTick)
    i.HAL_MspInit                            0x080010d8   Section        0  stm32f0xx_hal_msp.o(i.HAL_MspInit)
    i.HAL_NVIC_EnableIRQ                     0x08001100   Section        0  stm32f0xx_hal_cortex.o(i.HAL_NVIC_EnableIRQ)
    i.HAL_NVIC_SetPriority                   0x08001118   Section        0  stm32f0xx_hal_cortex.o(i.HAL_NVIC_SetPriority)
    i.HAL_RCCEx_PeriphCLKConfig              0x08001120   Section        0  stm32f0xx_hal_rcc_ex.o(i.HAL_RCCEx_PeriphCLKConfig)
    i.HAL_RCC_ClockConfig                    0x08001208   Section        0  stm32f0xx_hal_rcc.o(i.HAL_RCC_ClockConfig)
    i.HAL_RCC_GetSysClockFreq                0x08001310   Section        0  stm32f0xx_hal_rcc.o(i.HAL_RCC_GetSysClockFreq)
    i.HAL_RCC_OscConfig                      0x0800136c   Section        0  stm32f0xx_hal_rcc.o(i.HAL_RCC_OscConfig)
    i.HAL_SYSTICK_Config                     0x080016f4   Section        0  stm32f0xx_hal_cortex.o(i.HAL_SYSTICK_Config)
    i.HAL_TIMEx_BreakCallback                0x08001724   Section        0  stm32f0xx_hal_tim_ex.o(i.HAL_TIMEx_BreakCallback)
    i.HAL_TIMEx_CommutCallback               0x08001726   Section        0  stm32f0xx_hal_tim_ex.o(i.HAL_TIMEx_CommutCallback)
    i.HAL_TIMEx_ConfigBreakDeadTime          0x08001728   Section        0  stm32f0xx_hal_tim_ex.o(i.HAL_TIMEx_ConfigBreakDeadTime)
    i.HAL_TIMEx_MasterConfigSynchronization  0x08001788   Section        0  stm32f0xx_hal_tim_ex.o(i.HAL_TIMEx_MasterConfigSynchronization)
    i.HAL_TIMEx_PWMN_Start                   0x080017d8   Section        0  stm32f0xx_hal_tim_ex.o(i.HAL_TIMEx_PWMN_Start)
    i.HAL_TIM_Base_Init                      0x08001858   Section        0  stm32f0xx_hal_tim.o(i.HAL_TIM_Base_Init)
    i.HAL_TIM_Base_MspInit                   0x080018a0   Section        0  tim.o(i.HAL_TIM_Base_MspInit)
    i.HAL_TIM_Base_Start_IT                  0x080018f0   Section        0  stm32f0xx_hal_tim.o(i.HAL_TIM_Base_Start_IT)
    i.HAL_TIM_ConfigClockSource              0x08001938   Section        0  stm32f0xx_hal_tim.o(i.HAL_TIM_ConfigClockSource)
    i.HAL_TIM_ErrorCallback                  0x08001a14   Section        0  stm32f0xx_hal_tim.o(i.HAL_TIM_ErrorCallback)
    i.HAL_TIM_IC_CaptureCallback             0x08001a16   Section        0  stm32f0xx_hal_tim.o(i.HAL_TIM_IC_CaptureCallback)
    i.HAL_TIM_IRQHandler                     0x08001a18   Section        0  stm32f0xx_hal_tim.o(i.HAL_TIM_IRQHandler)
    i.HAL_TIM_MspPostInit                    0x08001b7c   Section        0  tim.o(i.HAL_TIM_MspPostInit)
    i.HAL_TIM_OC_DelayElapsedCallback        0x08001bf0   Section        0  stm32f0xx_hal_tim.o(i.HAL_TIM_OC_DelayElapsedCallback)
    i.HAL_TIM_PWM_ConfigChannel              0x08001bf2   Section        0  stm32f0xx_hal_tim.o(i.HAL_TIM_PWM_ConfigChannel)
    i.HAL_TIM_PWM_Init                       0x08001cc2   Section        0  stm32f0xx_hal_tim.o(i.HAL_TIM_PWM_Init)
    i.HAL_TIM_PWM_MspInit                    0x08001d0c   Section        0  tim.o(i.HAL_TIM_PWM_MspInit)
    i.HAL_TIM_PWM_PulseFinishedCallback      0x08001d6c   Section        0  stm32f0xx_hal_tim.o(i.HAL_TIM_PWM_PulseFinishedCallback)
    i.HAL_TIM_PWM_PulseFinishedHalfCpltCallback 0x08001d6e   Section        0  stm32f0xx_hal_tim.o(i.HAL_TIM_PWM_PulseFinishedHalfCpltCallback)
    i.HAL_TIM_PWM_Start_DMA                  0x08001d70   Section        0  stm32f0xx_hal_tim.o(i.HAL_TIM_PWM_Start_DMA)
    i.HAL_TIM_PeriodElapsedCallback          0x08001f00   Section        0  tim.o(i.HAL_TIM_PeriodElapsedCallback)
    i.HAL_TIM_TriggerCallback                0x08001fdc   Section        0  stm32f0xx_hal_tim.o(i.HAL_TIM_TriggerCallback)
    i.HardFault_Handler                      0x08001fde   Section        0  stm32f0xx_it.o(i.HardFault_Handler)
    i.I2C1_IRQHandler                        0x08001fe0   Section        0  stm32f0xx_it.o(i.I2C1_IRQHandler)
    i.I2C_DMAAbort                           0x08002004   Section        0  stm32f0xx_hal_i2c.o(i.I2C_DMAAbort)
    I2C_DMAAbort                             0x08002005   Thumb Code    28  stm32f0xx_hal_i2c.o(i.I2C_DMAAbort)
    i.I2C_Disable_IRQ                        0x08002020   Section        0  stm32f0xx_hal_i2c.o(i.I2C_Disable_IRQ)
    I2C_Disable_IRQ                          0x08002021   Thumb Code    82  stm32f0xx_hal_i2c.o(i.I2C_Disable_IRQ)
    i.I2C_Flush_TXDR                         0x08002072   Section        0  stm32f0xx_hal_i2c.o(i.I2C_Flush_TXDR)
    I2C_Flush_TXDR                           0x08002073   Thumb Code    34  stm32f0xx_hal_i2c.o(i.I2C_Flush_TXDR)
    i.I2C_ITAddrCplt                         0x08002094   Section        0  stm32f0xx_hal_i2c.o(i.I2C_ITAddrCplt)
    I2C_ITAddrCplt                           0x08002095   Thumb Code   124  stm32f0xx_hal_i2c.o(i.I2C_ITAddrCplt)
    i.I2C_ITError                            0x08002110   Section        0  stm32f0xx_hal_i2c.o(i.I2C_ITError)
    I2C_ITError                              0x08002111   Thumb Code   258  stm32f0xx_hal_i2c.o(i.I2C_ITError)
    i.I2C_ITListenCplt                       0x08002224   Section        0  stm32f0xx_hal_i2c.o(i.I2C_ITListenCplt)
    I2C_ITListenCplt                         0x08002225   Thumb Code    94  stm32f0xx_hal_i2c.o(i.I2C_ITListenCplt)
    i.I2C_ITSlaveCplt                        0x0800228c   Section        0  stm32f0xx_hal_i2c.o(i.I2C_ITSlaveCplt)
    I2C_ITSlaveCplt                          0x0800228d   Thumb Code   302  stm32f0xx_hal_i2c.o(i.I2C_ITSlaveCplt)
    i.I2C_ITSlaveSeqCplt                     0x080023c8   Section        0  stm32f0xx_hal_i2c.o(i.I2C_ITSlaveSeqCplt)
    I2C_ITSlaveSeqCplt                       0x080023c9   Thumb Code   106  stm32f0xx_hal_i2c.o(i.I2C_ITSlaveSeqCplt)
    i.I2C_IsErrorOccurred                    0x08002434   Section        0  stm32f0xx_hal_i2c.o(i.I2C_IsErrorOccurred)
    I2C_IsErrorOccurred                      0x08002435   Thumb Code   260  stm32f0xx_hal_i2c.o(i.I2C_IsErrorOccurred)
    i.I2C_Slave_ISR_IT                       0x0800253c   Section        0  stm32f0xx_hal_i2c.o(i.I2C_Slave_ISR_IT)
    I2C_Slave_ISR_IT                         0x0800253d   Thumb Code   294  stm32f0xx_hal_i2c.o(i.I2C_Slave_ISR_IT)
    i.I2C_TreatErrorCallback                 0x0800266c   Section        0  stm32f0xx_hal_i2c.o(i.I2C_TreatErrorCallback)
    I2C_TreatErrorCallback                   0x0800266d   Thumb Code    38  stm32f0xx_hal_i2c.o(i.I2C_TreatErrorCallback)
    i.I2C_WaitOnFlagUntilTimeout             0x08002692   Section        0  stm32f0xx_hal_i2c.o(i.I2C_WaitOnFlagUntilTimeout)
    I2C_WaitOnFlagUntilTimeout               0x08002693   Thumb Code    98  stm32f0xx_hal_i2c.o(i.I2C_WaitOnFlagUntilTimeout)
    i.I2C_WaitOnRXNEFlagUntilTimeout         0x080026f4   Section        0  stm32f0xx_hal_i2c.o(i.I2C_WaitOnRXNEFlagUntilTimeout)
    I2C_WaitOnRXNEFlagUntilTimeout           0x080026f5   Thumb Code   152  stm32f0xx_hal_i2c.o(i.I2C_WaitOnRXNEFlagUntilTimeout)
    i.I2C_WaitOnSTOPFlagUntilTimeout         0x08002790   Section        0  stm32f0xx_hal_i2c.o(i.I2C_WaitOnSTOPFlagUntilTimeout)
    I2C_WaitOnSTOPFlagUntilTimeout           0x08002791   Thumb Code    86  stm32f0xx_hal_i2c.o(i.I2C_WaitOnSTOPFlagUntilTimeout)
    i.I2C_WaitOnTXISFlagUntilTimeout         0x080027e6   Section        0  stm32f0xx_hal_i2c.o(i.I2C_WaitOnTXISFlagUntilTimeout)
    I2C_WaitOnTXISFlagUntilTimeout           0x080027e7   Thumb Code    90  stm32f0xx_hal_i2c.o(i.I2C_WaitOnTXISFlagUntilTimeout)
    i.MX_DMA_Init                            0x08002840   Section        0  dma.o(i.MX_DMA_Init)
    i.MX_GPIO_Init                           0x08002868   Section        0  gpio.o(i.MX_GPIO_Init)
    i.MX_I2C1_Init                           0x080028d4   Section        0  i2c.o(i.MX_I2C1_Init)
    i.MX_TIM14_Init                          0x08002930   Section        0  tim.o(i.MX_TIM14_Init)
    i.MX_TIM1_Init                           0x08002960   Section        0  tim.o(i.MX_TIM1_Init)
    i.MX_TIM3_Init                           0x08002a3c   Section        0  tim.o(i.MX_TIM3_Init)
    i.NMI_Handler                            0x08002ab0   Section        0  stm32f0xx_it.o(i.NMI_Handler)
    i.PendSV_Handler                         0x08002ab2   Section        0  stm32f0xx_it.o(i.PendSV_Handler)
    i.RGB_SendArray                          0x08002ab4   Section        0  ws2812.o(i.RGB_SendArray)
    i.RGB_SetColor                           0x08002acc   Section        0  ws2812.o(i.RGB_SetColor)
    i.Reset_Load                             0x08002b50   Section        0  ws2812.o(i.Reset_Load)
    i.SVC_Handler                            0x08002b70   Section        0  stm32f0xx_it.o(i.SVC_Handler)
    i.SysTick_Handler                        0x08002b72   Section        0  stm32f0xx_it.o(i.SysTick_Handler)
    i.SystemClock_Config                     0x08002b7a   Section        0  main.o(i.SystemClock_Config)
    i.SystemInit                             0x08002bf4   Section        0  system_stm32f0xx.o(i.SystemInit)
    i.TIM14_IRQHandler                       0x08002bf8   Section        0  stm32f0xx_it.o(i.TIM14_IRQHandler)
    i.TIM_Base_SetConfig                     0x08002c08   Section        0  stm32f0xx_hal_tim.o(i.TIM_Base_SetConfig)
    i.TIM_CCxChannelCmd                      0x08002c80   Section        0  stm32f0xx_hal_tim.o(i.TIM_CCxChannelCmd)
    i.TIM_CCxNChannelCmd                     0x08002c9a   Section        0  stm32f0xx_hal_tim_ex.o(i.TIM_CCxNChannelCmd)
    TIM_CCxNChannelCmd                       0x08002c9b   Thumb Code    26  stm32f0xx_hal_tim_ex.o(i.TIM_CCxNChannelCmd)
    i.TIM_DMADelayPulseCplt                  0x08002cb4   Section        0  stm32f0xx_hal_tim.o(i.TIM_DMADelayPulseCplt)
    TIM_DMADelayPulseCplt                    0x08002cb5   Thumb Code   102  stm32f0xx_hal_tim.o(i.TIM_DMADelayPulseCplt)
    i.TIM_DMADelayPulseHalfCplt              0x08002d1a   Section        0  stm32f0xx_hal_tim.o(i.TIM_DMADelayPulseHalfCplt)
    i.TIM_DMAError                           0x08002d52   Section        0  stm32f0xx_hal_tim.o(i.TIM_DMAError)
    i.TIM_ETR_SetConfig                      0x08002da6   Section        0  stm32f0xx_hal_tim.o(i.TIM_ETR_SetConfig)
    i.TIM_ITRx_SetConfig                     0x08002dbc   Section        0  stm32f0xx_hal_tim.o(i.TIM_ITRx_SetConfig)
    TIM_ITRx_SetConfig                       0x08002dbd   Thumb Code    16  stm32f0xx_hal_tim.o(i.TIM_ITRx_SetConfig)
    i.TIM_OC1_SetConfig                      0x08002dcc   Section        0  stm32f0xx_hal_tim.o(i.TIM_OC1_SetConfig)
    TIM_OC1_SetConfig                        0x08002dcd   Thumb Code   108  stm32f0xx_hal_tim.o(i.TIM_OC1_SetConfig)
    i.TIM_OC2_SetConfig                      0x08002e44   Section        0  stm32f0xx_hal_tim.o(i.TIM_OC2_SetConfig)
    i.TIM_OC3_SetConfig                      0x08002eb8   Section        0  stm32f0xx_hal_tim.o(i.TIM_OC3_SetConfig)
    TIM_OC3_SetConfig                        0x08002eb9   Thumb Code   106  stm32f0xx_hal_tim.o(i.TIM_OC3_SetConfig)
    i.TIM_OC4_SetConfig                      0x08002f30   Section        0  stm32f0xx_hal_tim.o(i.TIM_OC4_SetConfig)
    TIM_OC4_SetConfig                        0x08002f31   Thumb Code    84  stm32f0xx_hal_tim.o(i.TIM_OC4_SetConfig)
    i.TIM_TI1_ConfigInputStage               0x08002f90   Section        0  stm32f0xx_hal_tim.o(i.TIM_TI1_ConfigInputStage)
    TIM_TI1_ConfigInputStage                 0x08002f91   Thumb Code    34  stm32f0xx_hal_tim.o(i.TIM_TI1_ConfigInputStage)
    i.TIM_TI2_ConfigInputStage               0x08002fb2   Section        0  stm32f0xx_hal_tim.o(i.TIM_TI2_ConfigInputStage)
    TIM_TI2_ConfigInputStage                 0x08002fb3   Thumb Code    38  stm32f0xx_hal_tim.o(i.TIM_TI2_ConfigInputStage)
    i.__ARM_common_ll_muluu                  0x08002fd8   Section        0  stm32f0xx_hal_rcc.o(i.__ARM_common_ll_muluu)
    i.__NVIC_SetPriority                     0x08003008   Section        0  stm32f0xx_hal_cortex.o(i.__NVIC_SetPriority)
    __NVIC_SetPriority                       0x08003009   Thumb Code    60  stm32f0xx_hal_cortex.o(i.__NVIC_SetPriority)
    i.key_scanf                              0x0800304c   Section        0  key.o(i.key_scanf)
    i.led_update                             0x08003150   Section        0  led.o(i.led_update)
    i.main                                   0x08003300   Section        0  main.o(i.main)
    i.rgb_show                               0x080033fc   Section        0  ws2812.o(i.rgb_show)
    x$fpl$fmul                               0x08003420   Section      176  fmul.o(x$fpl$fmul)
    .constdata                               0x080034d0   Section       32  stm32f0xx_hal_rcc.o(.constdata)
    x$fpl$usenofp                            0x080034d0   Section        0  usenofp.o(x$fpl$usenofp)
    aPLLMULFactorTable                       0x080034d0   Data          16  stm32f0xx_hal_rcc.o(.constdata)
    aPredivFactorTable                       0x080034e0   Data          16  stm32f0xx_hal_rcc.o(.constdata)
    .constdata                               0x080034f0   Section       16  system_stm32f0xx.o(.constdata)
    .constdata                               0x08003500   Section       64  fdiv.o(.constdata)
    fdiv_tab                                 0x08003500   Data          64  fdiv.o(.constdata)
    .data                                    0x20000000   Section       12  main.o(.data)
    .data                                    0x2000000c   Section        4  main.o(.data)
    .data                                    0x20000010   Section        1  main.o(.data)
    .data                                    0x20000011   Section        1  main.o(.data)
    .data                                    0x20000012   Section        1  main.o(.data)
    .data                                    0x20000014   Section        8  tim.o(.data)
    rand_time                                0x20000018   Data           4  tim.o(.data)
    .data                                    0x2000001c   Section        8  key.o(.data)
    .data                                    0x20000024   Section        4  key.o(.data)
    .data                                    0x20000028   Section       15  ws2812.o(.data)
    .data                                    0x20000038   Section       12  stm32f0xx_hal.o(.data)
    .data                                    0x20000044   Section        4  system_stm32f0xx.o(.data)
    .bss                                     0x20000048   Section       20  main.o(.bss)
    .bss                                     0x2000005c   Section       84  i2c.o(.bss)
    .bss                                     0x200000b0   Section      284  tim.o(.bss)
    .bss                                     0x200001cc   Section      672  ws2812.o(.bss)
    .bss                                     0x2000046c   Section      228  rand.o(.bss)
    .bss                                     0x20000550   Section       96  libspace.o(.bss)
    HEAP                                     0x200005b0   Section      512  startup_stm32f030x6.o(HEAP)
    Heap_Mem                                 0x200005b0   Data         512  startup_stm32f030x6.o(HEAP)
    STACK                                    0x200007b0   Section     1024  startup_stm32f030x6.o(STACK)
    Stack_Mem                                0x200007b0   Data        1024  startup_stm32f030x6.o(STACK)
    __initial_sp                             0x20000bb0   Data           0  startup_stm32f030x6.o(STACK)

    Global Symbols

    Symbol Name                              Value     Ov Type        Size  Object(Section)

    BuildAttributes$$THM_ISAv3M$S$PE$A:L22$X:L11$S22$IEEE1$IW$USESV6$~STKCKD$USESV7$~SHL$OSPACE$ROPI$EBA8$UX$STANDARDLIB$REQ8$PRES8$EABIv2 0x00000000   Number         0  anon$$obj.o ABSOLUTE
    __ARM_use_no_argv                        0x00000000   Number         0  main.o ABSOLUTE
    __ARM_exceptions_init                     - Undefined Weak Reference
    __alloca_initialize                       - Undefined Weak Reference
    __arm_preinit_                            - Undefined Weak Reference
    __cpp_initialize__aeabi_                  - Undefined Weak Reference
    __cxa_finalize                            - Undefined Weak Reference
    __rt_locale                               - Undefined Weak Reference
    __sigvec_lookup                           - Undefined Weak Reference
    _atexit_init                              - Undefined Weak Reference
    _call_atexit_fns                          - Undefined Weak Reference
    _clock_init                               - Undefined Weak Reference
    _fp_trap_init                             - Undefined Weak Reference
    _fp_trap_shutdown                         - Undefined Weak Reference
    _get_lc_collate                           - Undefined Weak Reference
    _get_lc_ctype                             - Undefined Weak Reference
    _get_lc_monetary                          - Undefined Weak Reference
    _get_lc_numeric                           - Undefined Weak Reference
    _get_lc_time                              - Undefined Weak Reference
    _getenv_init                              - Undefined Weak Reference
    _handle_redirection                       - Undefined Weak Reference
    _init_alloc                               - Undefined Weak Reference
    _init_user_alloc                          - Undefined Weak Reference
    _initio                                   - Undefined Weak Reference
    _signal_finish                            - Undefined Weak Reference
    _signal_init                              - Undefined Weak Reference
    _terminate_alloc                          - Undefined Weak Reference
    _terminate_user_alloc                     - Undefined Weak Reference
    _terminateio                              - Undefined Weak Reference
    __Vectors_Size                           0x000000b0   Number         0  startup_stm32f030x6.o ABSOLUTE
    __Vectors                                0x08000000   Data           4  startup_stm32f030x6.o(RESET)
    __Vectors_End                            0x080000b0   Data           0  startup_stm32f030x6.o(RESET)
    __main                                   0x080000b1   Thumb Code     8  __main.o(!!!main)
    __scatterload                            0x080000b9   Thumb Code     0  __scatter.o(!!!scatter)
    __scatterload_rt2                        0x080000b9   Thumb Code    52  __scatter.o(!!!scatter)
    __scatterload_rt2_thumb_only             0x080000b9   Thumb Code     0  __scatter.o(!!!scatter)
    __scatterload_null                       0x080000c9   Thumb Code     0  __scatter.o(!!!scatter)
    __scatterload_copy                       0x080000f5   Thumb Code    26  __scatter_copy.o(!!handler_copy)
    __scatterload_zeroinit                   0x08000111   Thumb Code    28  __scatter_zi.o(!!handler_zi)
    __rt_lib_init                            0x0800012d   Thumb Code     0  libinit.o(.ARM.Collect$$libinit$$00000000)
    __rt_lib_init_fp_1                       0x0800012f   Thumb Code     0  libinit2.o(.ARM.Collect$$libinit$$00000002)
    __rt_lib_init_heap_1                     0x0800012f   Thumb Code     0  libinit2.o(.ARM.Collect$$libinit$$0000000A)
    __rt_lib_init_preinit_1                  0x0800012f   Thumb Code     0  libinit2.o(.ARM.Collect$$libinit$$00000004)
    __rt_lib_init_rand_2                     0x0800012f   Thumb Code     0  libinit2.o(.ARM.Collect$$libinit$$0000000D)
    __rt_lib_init_user_alloc_1               0x0800012f   Thumb Code     0  libinit2.o(.ARM.Collect$$libinit$$0000000C)
    __rt_lib_init_alloca_1                   0x08000133   Thumb Code     0  libinit2.o(.ARM.Collect$$libinit$$0000002E)
    __rt_lib_init_argv_1                     0x08000133   Thumb Code     0  libinit2.o(.ARM.Collect$$libinit$$0000002C)
    __rt_lib_init_atexit_1                   0x08000133   Thumb Code     0  libinit2.o(.ARM.Collect$$libinit$$0000001B)
    __rt_lib_init_clock_1                    0x08000133   Thumb Code     0  libinit2.o(.ARM.Collect$$libinit$$00000021)
    __rt_lib_init_cpp_1                      0x08000133   Thumb Code     0  libinit2.o(.ARM.Collect$$libinit$$00000032)
    __rt_lib_init_exceptions_1               0x08000133   Thumb Code     0  libinit2.o(.ARM.Collect$$libinit$$00000030)
    __rt_lib_init_fp_trap_1                  0x08000133   Thumb Code     0  libinit2.o(.ARM.Collect$$libinit$$0000001F)
    __rt_lib_init_getenv_1                   0x08000133   Thumb Code     0  libinit2.o(.ARM.Collect$$libinit$$00000023)
    __rt_lib_init_lc_collate_1               0x08000133   Thumb Code     0  libinit2.o(.ARM.Collect$$libinit$$00000011)
    __rt_lib_init_lc_ctype_1                 0x08000133   Thumb Code     0  libinit2.o(.ARM.Collect$$libinit$$00000013)
    __rt_lib_init_lc_monetary_1              0x08000133   Thumb Code     0  libinit2.o(.ARM.Collect$$libinit$$00000015)
    __rt_lib_init_lc_numeric_1               0x08000133   Thumb Code     0  libinit2.o(.ARM.Collect$$libinit$$00000017)
    __rt_lib_init_lc_time_1                  0x08000133   Thumb Code     0  libinit2.o(.ARM.Collect$$libinit$$00000019)
    __rt_lib_init_rand_1                     0x08000133   Thumb Code     0  libinit2.o(.ARM.Collect$$libinit$$0000000E)
    __rt_lib_init_return                     0x08000133   Thumb Code     0  libinit2.o(.ARM.Collect$$libinit$$00000033)
    __rt_lib_init_signal_1                   0x08000133   Thumb Code     0  libinit2.o(.ARM.Collect$$libinit$$0000001D)
    __rt_lib_init_stdio_1                    0x08000133   Thumb Code     0  libinit2.o(.ARM.Collect$$libinit$$00000025)
    __rt_lib_shutdown                        0x08000135   Thumb Code     0  libshutdown.o(.ARM.Collect$$libshutdown$$00000000)
    __rt_lib_shutdown_cpp_1                  0x08000137   Thumb Code     0  libshutdown2.o(.ARM.Collect$$libshutdown$$00000002)
    __rt_lib_shutdown_fp_trap_1              0x08000137   Thumb Code     0  libshutdown2.o(.ARM.Collect$$libshutdown$$00000007)
    __rt_lib_shutdown_heap_1                 0x08000137   Thumb Code     0  libshutdown2.o(.ARM.Collect$$libshutdown$$0000000F)
    __rt_lib_shutdown_return                 0x08000137   Thumb Code     0  libshutdown2.o(.ARM.Collect$$libshutdown$$00000010)
    __rt_lib_shutdown_signal_1               0x08000137   Thumb Code     0  libshutdown2.o(.ARM.Collect$$libshutdown$$0000000A)
    __rt_lib_shutdown_stdio_1                0x08000137   Thumb Code     0  libshutdown2.o(.ARM.Collect$$libshutdown$$00000004)
    __rt_lib_shutdown_user_alloc_1           0x08000137   Thumb Code     0  libshutdown2.o(.ARM.Collect$$libshutdown$$0000000C)
    __rt_entry                               0x08000139   Thumb Code     0  __rtentry.o(.ARM.Collect$$rtentry$$00000000)
    __rt_entry_presh_1                       0x08000139   Thumb Code     0  __rtentry2.o(.ARM.Collect$$rtentry$$00000002)
    __rt_entry_sh                            0x08000139   Thumb Code     0  __rtentry4.o(.ARM.Collect$$rtentry$$00000004)
    __rt_entry_li                            0x0800013f   Thumb Code     0  __rtentry2.o(.ARM.Collect$$rtentry$$0000000A)
    __rt_entry_postsh_1                      0x0800013f   Thumb Code     0  __rtentry2.o(.ARM.Collect$$rtentry$$00000009)
    __rt_entry_main                          0x08000143   Thumb Code     0  __rtentry2.o(.ARM.Collect$$rtentry$$0000000D)
    __rt_entry_postli_1                      0x08000143   Thumb Code     0  __rtentry2.o(.ARM.Collect$$rtentry$$0000000C)
    __rt_exit                                0x0800014b   Thumb Code     0  rtexit.o(.ARM.Collect$$rtexit$$00000000)
    __rt_exit_ls                             0x0800014d   Thumb Code     0  rtexit2.o(.ARM.Collect$$rtexit$$00000003)
    __rt_exit_prels_1                        0x0800014d   Thumb Code     0  rtexit2.o(.ARM.Collect$$rtexit$$00000002)
    __rt_exit_exit                           0x08000151   Thumb Code     0  rtexit2.o(.ARM.Collect$$rtexit$$00000004)
    rand                                     0x08000159   Thumb Code    52  rand.o(.emb_text)
    __aeabi_memcpy4                          0x08000191   Thumb Code    56  rt_memcpy.o(.emb_text)
    __aeabi_memcpy8                          0x08000191   Thumb Code     0  rt_memcpy.o(.emb_text)
    Reset_Handler                            0x080001c9   Thumb Code     8  startup_stm32f030x6.o(.text)
    ADC1_IRQHandler                          0x080001db   Thumb Code     0  startup_stm32f030x6.o(.text)
    DMA1_Channel1_IRQHandler                 0x080001db   Thumb Code     0  startup_stm32f030x6.o(.text)
    DMA1_Channel2_3_IRQHandler               0x080001db   Thumb Code     0  startup_stm32f030x6.o(.text)
    EXTI0_1_IRQHandler                       0x080001db   Thumb Code     0  startup_stm32f030x6.o(.text)
    EXTI2_3_IRQHandler                       0x080001db   Thumb Code     0  startup_stm32f030x6.o(.text)
    EXTI4_15_IRQHandler                      0x080001db   Thumb Code     0  startup_stm32f030x6.o(.text)
    FLASH_IRQHandler                         0x080001db   Thumb Code     0  startup_stm32f030x6.o(.text)
    RCC_IRQHandler                           0x080001db   Thumb Code     0  startup_stm32f030x6.o(.text)
    RTC_IRQHandler                           0x080001db   Thumb Code     0  startup_stm32f030x6.o(.text)
    SPI1_IRQHandler                          0x080001db   Thumb Code     0  startup_stm32f030x6.o(.text)
    TIM16_IRQHandler                         0x080001db   Thumb Code     0  startup_stm32f030x6.o(.text)
    TIM17_IRQHandler                         0x080001db   Thumb Code     0  startup_stm32f030x6.o(.text)
    TIM1_BRK_UP_TRG_COM_IRQHandler           0x080001db   Thumb Code     0  startup_stm32f030x6.o(.text)
    TIM1_CC_IRQHandler                       0x080001db   Thumb Code     0  startup_stm32f030x6.o(.text)
    TIM3_IRQHandler                          0x080001db   Thumb Code     0  startup_stm32f030x6.o(.text)
    USART1_IRQHandler                        0x080001db   Thumb Code     0  startup_stm32f030x6.o(.text)
    WWDG_IRQHandler                          0x080001db   Thumb Code     0  startup_stm32f030x6.o(.text)
    __user_initial_stackheap                 0x080001dd   Thumb Code     0  startup_stm32f030x6.o(.text)
    __aeabi_uldivmod                         0x08000201   Thumb Code   258  lludiv.o(.text)
    _ll_udiv                                 0x08000201   Thumb Code     0  lludiv.o(.text)
    srand                                    0x08000305   Thumb Code    44  rand.o(.text)
    _rand_init                               0x08000331   Thumb Code     4  rand.o(.text)
    __aeabi_memcpy                           0x08000341   Thumb Code   130  rt_memcpy.o(.text)
    __rt_memcpy                              0x08000341   Thumb Code     0  rt_memcpy.o(.text)
    _memset_w                                0x080003c3   Thumb Code    26  rt_memclr.o(.text)
    _memset                                  0x080003dd   Thumb Code    30  rt_memclr.o(.text)
    __aeabi_memclr                           0x080003fb   Thumb Code     4  rt_memclr.o(.text)
    __rt_memclr                              0x080003fb   Thumb Code     0  rt_memclr.o(.text)
    __aeabi_memclr4                          0x080003ff   Thumb Code     0  rt_memclr.o(.text)
    __aeabi_memclr8                          0x080003ff   Thumb Code     0  rt_memclr.o(.text)
    __rt_memclr_w                            0x080003ff   Thumb Code     4  rt_memclr.o(.text)
    __aeabi_uidiv                            0x08000403   Thumb Code     0  aeabi_sdiv.o(.text)
    __aeabi_uidivmod                         0x08000403   Thumb Code    20  aeabi_sdiv.o(.text)
    __aeabi_idiv                             0x08000417   Thumb Code     0  aeabi_sdiv.o(.text)
    __aeabi_idivmod                          0x08000417   Thumb Code   326  aeabi_sdiv.o(.text)
    __use_two_region_memory                  0x0800055d   Thumb Code     2  heapauxi.o(.text)
    __rt_heap_escrow$2region                 0x0800055f   Thumb Code     2  heapauxi.o(.text)
    __rt_heap_expand$2region                 0x08000561   Thumb Code     2  heapauxi.o(.text)
    __aeabi_fdiv                             0x08000565   Thumb Code     0  fdiv.o(.text)
    _fdiv                                    0x08000565   Thumb Code   334  fdiv.o(.text)
    _frdiv                                   0x080006b3   Thumb Code     8  fdiv.o(.text)
    __aeabi_f2uiz                            0x080006c5   Thumb Code     0  ffixui.o(.text)
    _ffixu                                   0x080006c5   Thumb Code    48  ffixui.o(.text)
    __aeabi_i2f_normalise                    0x080006f5   Thumb Code    72  fflti.o(.text)
    __aeabi_i2f                              0x0800073d   Thumb Code    16  fflti.o(.text)
    _fflt                                    0x0800073d   Thumb Code     0  fflti.o(.text)
    __aeabi_ui2f                             0x0800074d   Thumb Code     6  fflti.o(.text)
    _ffltu                                   0x0800074d   Thumb Code     0  fflti.o(.text)
    __user_setup_stackheap                   0x08000753   Thumb Code    62  sys_stackheap_outer.o(.text)
    exit                                     0x08000791   Thumb Code    16  exit.o(.text)
    __user_libspace                          0x080007a1   Thumb Code     8  libspace.o(.text)
    __user_perproc_libspace                  0x080007a1   Thumb Code     0  libspace.o(.text)
    __user_perthread_libspace                0x080007a1   Thumb Code     0  libspace.o(.text)
    _sys_exit                                0x080007a9   Thumb Code     8  sys_exit.o(.text)
    __I$use$semihosting                      0x080007b5   Thumb Code     0  use_no_semi.o(.text)
    __use_no_semihosting_swi                 0x080007b5   Thumb Code     2  use_no_semi.o(.text)
    __semihosting_library_function           0x080007b7   Thumb Code     0  indicate_semi.o(.text)
    DMA1_Channel4_5_IRQHandler               0x080007b9   Thumb Code    10  stm32f0xx_it.o(i.DMA1_Channel4_5_IRQHandler)
    Error_Handler                            0x08000815   Thumb Code     4  main.o(i.Error_Handler)
    HAL_DMA_Abort_IT                         0x08000819   Thumb Code    72  stm32f0xx_hal_dma.o(i.HAL_DMA_Abort_IT)
    HAL_DMA_GetState                         0x08000861   Thumb Code     6  stm32f0xx_hal_dma.o(i.HAL_DMA_GetState)
    HAL_DMA_IRQHandler                       0x08000867   Thumb Code   156  stm32f0xx_hal_dma.o(i.HAL_DMA_IRQHandler)
    HAL_DMA_Init                             0x08000905   Thumb Code    78  stm32f0xx_hal_dma.o(i.HAL_DMA_Init)
    HAL_DMA_Start_IT                         0x08000959   Thumb Code   106  stm32f0xx_hal_dma.o(i.HAL_DMA_Start_IT)
    HAL_Delay                                0x080009c5   Thumb Code    32  stm32f0xx_hal.o(i.HAL_Delay)
    HAL_GPIO_Init                            0x080009e9   Thumb Code   396  stm32f0xx_hal_gpio.o(i.HAL_GPIO_Init)
    HAL_GPIO_ReadPin                         0x08000b8d   Thumb Code    10  stm32f0xx_hal_gpio.o(i.HAL_GPIO_ReadPin)
    HAL_GPIO_WritePin                        0x08000b97   Thumb Code    12  stm32f0xx_hal_gpio.o(i.HAL_GPIO_WritePin)
    HAL_GetTick                              0x08000ba5   Thumb Code     6  stm32f0xx_hal.o(i.HAL_GetTick)
    HAL_I2CEx_ConfigAnalogFilter             0x08000bb1   Thumb Code    74  stm32f0xx_hal_i2c_ex.o(i.HAL_I2CEx_ConfigAnalogFilter)
    HAL_I2CEx_ConfigDigitalFilter            0x08000bfb   Thumb Code    72  stm32f0xx_hal_i2c_ex.o(i.HAL_I2CEx_ConfigDigitalFilter)
    HAL_I2C_AbortCpltCallback                0x08000c43   Thumb Code     2  stm32f0xx_hal_i2c.o(i.HAL_I2C_AbortCpltCallback)
    HAL_I2C_AddrCallback                     0x08000c45   Thumb Code     2  stm32f0xx_hal_i2c.o(i.HAL_I2C_AddrCallback)
    HAL_I2C_ER_IRQHandler                    0x08000c47   Thumb Code    94  stm32f0xx_hal_i2c.o(i.HAL_I2C_ER_IRQHandler)
    HAL_I2C_EV_IRQHandler                    0x08000ca5   Thumb Code    16  stm32f0xx_hal_i2c.o(i.HAL_I2C_EV_IRQHandler)
    HAL_I2C_ErrorCallback                    0x08000cb5   Thumb Code     2  stm32f0xx_hal_i2c.o(i.HAL_I2C_ErrorCallback)
    HAL_I2C_Init                             0x08000cb9   Thumb Code   176  stm32f0xx_hal_i2c.o(i.HAL_I2C_Init)
    HAL_I2C_ListenCpltCallback               0x08000d6d   Thumb Code     2  stm32f0xx_hal_i2c.o(i.HAL_I2C_ListenCpltCallback)
    HAL_I2C_MspInit                          0x08000d71   Thumb Code   108  i2c.o(i.HAL_I2C_MspInit)
    HAL_I2C_SlaveRxCpltCallback              0x08000de5   Thumb Code     2  stm32f0xx_hal_i2c.o(i.HAL_I2C_SlaveRxCpltCallback)
    HAL_I2C_SlaveTxCpltCallback              0x08000de7   Thumb Code     2  stm32f0xx_hal_i2c.o(i.HAL_I2C_SlaveTxCpltCallback)
    HAL_I2C_Slave_Receive                    0x08000de9   Thumb Code   294  stm32f0xx_hal_i2c.o(i.HAL_I2C_Slave_Receive)
    HAL_I2C_Slave_Transmit                   0x08000f0f   Thumb Code   342  stm32f0xx_hal_i2c.o(i.HAL_I2C_Slave_Transmit)
    HAL_IncTick                              0x08001065   Thumb Code    12  stm32f0xx_hal.o(i.HAL_IncTick)
    HAL_Init                                 0x08001075   Thumb Code    26  stm32f0xx_hal.o(i.HAL_Init)
    HAL_InitTick                             0x08001095   Thumb Code    58  stm32f0xx_hal.o(i.HAL_InitTick)
    HAL_MspInit                              0x080010d9   Thumb Code    34  stm32f0xx_hal_msp.o(i.HAL_MspInit)
    HAL_NVIC_EnableIRQ                       0x08001101   Thumb Code    18  stm32f0xx_hal_cortex.o(i.HAL_NVIC_EnableIRQ)
    HAL_NVIC_SetPriority                     0x08001119   Thumb Code     8  stm32f0xx_hal_cortex.o(i.HAL_NVIC_SetPriority)
    HAL_RCCEx_PeriphCLKConfig                0x08001121   Thumb Code   218  stm32f0xx_hal_rcc_ex.o(i.HAL_RCCEx_PeriphCLKConfig)
    HAL_RCC_ClockConfig                      0x08001209   Thumb Code   242  stm32f0xx_hal_rcc.o(i.HAL_RCC_ClockConfig)
    HAL_RCC_GetSysClockFreq                  0x08001311   Thumb Code    72  stm32f0xx_hal_rcc.o(i.HAL_RCC_GetSysClockFreq)
    HAL_RCC_OscConfig                        0x0800136d   Thumb Code   890  stm32f0xx_hal_rcc.o(i.HAL_RCC_OscConfig)
    HAL_SYSTICK_Config                       0x080016f5   Thumb Code    38  stm32f0xx_hal_cortex.o(i.HAL_SYSTICK_Config)
    HAL_TIMEx_BreakCallback                  0x08001725   Thumb Code     2  stm32f0xx_hal_tim_ex.o(i.HAL_TIMEx_BreakCallback)
    HAL_TIMEx_CommutCallback                 0x08001727   Thumb Code     2  stm32f0xx_hal_tim_ex.o(i.HAL_TIMEx_CommutCallback)
    HAL_TIMEx_ConfigBreakDeadTime            0x08001729   Thumb Code    94  stm32f0xx_hal_tim_ex.o(i.HAL_TIMEx_ConfigBreakDeadTime)
    HAL_TIMEx_MasterConfigSynchronization    0x08001789   Thumb Code    72  stm32f0xx_hal_tim_ex.o(i.HAL_TIMEx_MasterConfigSynchronization)
    HAL_TIMEx_PWMN_Start                     0x080017d9   Thumb Code   120  stm32f0xx_hal_tim_ex.o(i.HAL_TIMEx_PWMN_Start)
    HAL_TIM_Base_Init                        0x08001859   Thumb Code    72  stm32f0xx_hal_tim.o(i.HAL_TIM_Base_Init)
    HAL_TIM_Base_MspInit                     0x080018a1   Thumb Code    66  tim.o(i.HAL_TIM_Base_MspInit)
    HAL_TIM_Base_Start_IT                    0x080018f1   Thumb Code    62  stm32f0xx_hal_tim.o(i.HAL_TIM_Base_Start_IT)
    HAL_TIM_ConfigClockSource                0x08001939   Thumb Code   220  stm32f0xx_hal_tim.o(i.HAL_TIM_ConfigClockSource)
    HAL_TIM_ErrorCallback                    0x08001a15   Thumb Code     2  stm32f0xx_hal_tim.o(i.HAL_TIM_ErrorCallback)
    HAL_TIM_IC_CaptureCallback               0x08001a17   Thumb Code     2  stm32f0xx_hal_tim.o(i.HAL_TIM_IC_CaptureCallback)
    HAL_TIM_IRQHandler                       0x08001a19   Thumb Code   354  stm32f0xx_hal_tim.o(i.HAL_TIM_IRQHandler)
    HAL_TIM_MspPostInit                      0x08001b7d   Thumb Code   104  tim.o(i.HAL_TIM_MspPostInit)
    HAL_TIM_OC_DelayElapsedCallback          0x08001bf1   Thumb Code     2  stm32f0xx_hal_tim.o(i.HAL_TIM_OC_DelayElapsedCallback)
    HAL_TIM_PWM_ConfigChannel                0x08001bf3   Thumb Code   208  stm32f0xx_hal_tim.o(i.HAL_TIM_PWM_ConfigChannel)
    HAL_TIM_PWM_Init                         0x08001cc3   Thumb Code    72  stm32f0xx_hal_tim.o(i.HAL_TIM_PWM_Init)
    HAL_TIM_PWM_MspInit                      0x08001d0d   Thumb Code    80  tim.o(i.HAL_TIM_PWM_MspInit)
    HAL_TIM_PWM_PulseFinishedCallback        0x08001d6d   Thumb Code     2  stm32f0xx_hal_tim.o(i.HAL_TIM_PWM_PulseFinishedCallback)
    HAL_TIM_PWM_PulseFinishedHalfCpltCallback 0x08001d6f   Thumb Code     2  stm32f0xx_hal_tim.o(i.HAL_TIM_PWM_PulseFinishedHalfCpltCallback)
    HAL_TIM_PWM_Start_DMA                    0x08001d71   Thumb Code   372  stm32f0xx_hal_tim.o(i.HAL_TIM_PWM_Start_DMA)
    HAL_TIM_PeriodElapsedCallback            0x08001f01   Thumb Code   162  tim.o(i.HAL_TIM_PeriodElapsedCallback)
    HAL_TIM_TriggerCallback                  0x08001fdd   Thumb Code     2  stm32f0xx_hal_tim.o(i.HAL_TIM_TriggerCallback)
    HardFault_Handler                        0x08001fdf   Thumb Code     2  stm32f0xx_it.o(i.HardFault_Handler)
    I2C1_IRQHandler                          0x08001fe1   Thumb Code    32  stm32f0xx_it.o(i.I2C1_IRQHandler)
    MX_DMA_Init                              0x08002841   Thumb Code    36  dma.o(i.MX_DMA_Init)
    MX_GPIO_Init                             0x08002869   Thumb Code   102  gpio.o(i.MX_GPIO_Init)
    MX_I2C1_Init                             0x080028d5   Thumb Code    78  i2c.o(i.MX_I2C1_Init)
    MX_TIM14_Init                            0x08002931   Thumb Code    40  tim.o(i.MX_TIM14_Init)
    MX_TIM1_Init                             0x08002961   Thumb Code   206  tim.o(i.MX_TIM1_Init)
    MX_TIM3_Init                             0x08002a3d   Thumb Code   106  tim.o(i.MX_TIM3_Init)
    NMI_Handler                              0x08002ab1   Thumb Code     2  stm32f0xx_it.o(i.NMI_Handler)
    PendSV_Handler                           0x08002ab3   Thumb Code     2  stm32f0xx_it.o(i.PendSV_Handler)
    RGB_SendArray                            0x08002ab5   Thumb Code    16  ws2812.o(i.RGB_SendArray)
    RGB_SetColor                             0x08002acd   Thumb Code   128  ws2812.o(i.RGB_SetColor)
    Reset_Load                               0x08002b51   Thumb Code    28  ws2812.o(i.Reset_Load)
    SVC_Handler                              0x08002b71   Thumb Code     2  stm32f0xx_it.o(i.SVC_Handler)
    SysTick_Handler                          0x08002b73   Thumb Code     8  stm32f0xx_it.o(i.SysTick_Handler)
    SystemClock_Config                       0x08002b7b   Thumb Code   122  main.o(i.SystemClock_Config)
    SystemInit                               0x08002bf5   Thumb Code     2  system_stm32f0xx.o(i.SystemInit)
    TIM14_IRQHandler                         0x08002bf9   Thumb Code    10  stm32f0xx_it.o(i.TIM14_IRQHandler)
    TIM_Base_SetConfig                       0x08002c09   Thumb Code   100  stm32f0xx_hal_tim.o(i.TIM_Base_SetConfig)
    TIM_CCxChannelCmd                        0x08002c81   Thumb Code    26  stm32f0xx_hal_tim.o(i.TIM_CCxChannelCmd)
    TIM_DMADelayPulseHalfCplt                0x08002d1b   Thumb Code    56  stm32f0xx_hal_tim.o(i.TIM_DMADelayPulseHalfCplt)
    TIM_DMAError                             0x08002d53   Thumb Code    84  stm32f0xx_hal_tim.o(i.TIM_DMAError)
    TIM_ETR_SetConfig                        0x08002da7   Thumb Code    22  stm32f0xx_hal_tim.o(i.TIM_ETR_SetConfig)
    TIM_OC2_SetConfig                        0x08002e45   Thumb Code   104  stm32f0xx_hal_tim.o(i.TIM_OC2_SetConfig)
    __ARM_common_ll_muluu                    0x08002fd9   Thumb Code    48  stm32f0xx_hal_rcc.o(i.__ARM_common_ll_muluu)
    key_scanf                                0x0800304d   Thumb Code   234  key.o(i.key_scanf)
    led_update                               0x08003151   Thumb Code   382  led.o(i.led_update)
    main                                     0x08003301   Thumb Code   228  main.o(i.main)
    rgb_show                                 0x080033fd   Thumb Code    36  ws2812.o(i.rgb_show)
    __aeabi_fmul                             0x08003421   Thumb Code     0  fmul.o(x$fpl$fmul)
    _fmul                                    0x08003421   Thumb Code   172  fmul.o(x$fpl$fmul)
    __I$use$fp                               0x080034d0   Number         0  usenofp.o(x$fpl$usenofp)
    AHBPrescTable                            0x080034f0   Data          16  system_stm32f0xx.o(.constdata)
    Region$$Table$$Base                      0x08003540   Number         0  anon$$obj.o(Region$$Table)
    Region$$Table$$Limit                     0x08003560   Number         0  anon$$obj.o(Region$$Table)
    Mode                                     0x20000000   Data           1  main.o(.data)
    power_on                                 0x20000001   Data           1  main.o(.data)
    pwm                                      0x20000004   Data           4  main.o(.data)
    temp                                     0x20000008   Data           4  main.o(.data)
    seed                                     0x2000000c   Data           4  main.o(.data)
    x1                                       0x20000010   Data           1  main.o(.data)
    x2                                       0x20000011   Data           1  main.o(.data)
    x3                                       0x20000012   Data           1  main.o(.data)
    pwm_time                                 0x20000014   Data           1  tim.o(.data)
    key_scan                                 0x2000001c   Data           1  key.o(.data)
    i                                        0x20000020   Data           4  key.o(.data)
    time_count                               0x20000024   Data           4  key.o(.data)
    T_2                                      0x20000028   Data           3  ws2812.o(.data)
    T_3                                      0x2000002b   Data           3  ws2812.o(.data)
    T_4                                      0x2000002e   Data           3  ws2812.o(.data)
    T_5                                      0x20000031   Data           3  ws2812.o(.data)
    T_1                                      0x20000034   Data           3  ws2812.o(.data)
    uwTickFreq                               0x20000038   Data           1  stm32f0xx_hal.o(.data)
    uwTickPrio                               0x2000003c   Data           4  stm32f0xx_hal.o(.data)
    uwTick                                   0x20000040   Data           4  stm32f0xx_hal.o(.data)
    SystemCoreClock                          0x20000044   Data           4  system_stm32f0xx.o(.data)
    RE_BUFF                                  0x20000048   Data          10  main.o(.bss)
    TR_BUFF                                  0x20000052   Data          10  main.o(.bss)
    hi2c1                                    0x2000005c   Data          84  i2c.o(.bss)
    htim1                                    0x200000b0   Data          72  tim.o(.bss)
    htim3                                    0x200000f8   Data          72  tim.o(.bss)
    htim14                                   0x20000140   Data          72  tim.o(.bss)
    hdma_tim3_ch1_trig                       0x20000188   Data          68  tim.o(.bss)
    Pixel_Buf                                0x200001cc   Data         672  ws2812.o(.bss)
    _random_number_data                      0x2000046c   Data         228  rand.o(.bss)
    __libspace_start                         0x20000550   Data          96  libspace.o(.bss)
    __temporary_stack_top$libspace           0x200005b0   Data           0  libspace.o(.bss)



==============================================================================

Memory Map of the image

  Image Entry point : 0x080000b1

  Load Region LR_IROM1 (Base: 0x08000000, Size: 0x000035a8, Max: 0x00004000, ABSOLUTE)

    Execution Region ER_IROM1 (Base: 0x08000000, Size: 0x00003560, Max: 0x00004000, ABSOLUTE)

    Base Addr    Size         Type   Attr      Idx    E Section Name        Object

    0x08000000   0x000000b0   Data   RO            3    RESET               startup_stm32f030x6.o
    0x080000b0   0x00000008   Code   RO         2951  * !!!main             c_p.l(__main.o)
    0x080000b8   0x0000003c   Code   RO         3134    !!!scatter          c_p.l(__scatter.o)
    0x080000f4   0x0000001a   Code   RO         3136    !!handler_copy      c_p.l(__scatter_copy.o)
    0x0800010e   0x00000002   PAD
    0x08000110   0x0000001c   Code   RO         3138    !!handler_zi        c_p.l(__scatter_zi.o)
    0x0800012c   0x00000002   Code   RO         3056    .ARM.Collect$$libinit$$00000000  c_p.l(libinit.o)
    0x0800012e   0x00000000   Code   RO         2972    .ARM.Collect$$libinit$$00000002  c_p.l(libinit2.o)
    0x0800012e   0x00000000   Code   RO         2974    .ARM.Collect$$libinit$$00000004  c_p.l(libinit2.o)
    0x0800012e   0x00000000   Code   RO         2977    .ARM.Collect$$libinit$$0000000A  c_p.l(libinit2.o)
    0x0800012e   0x00000000   Code   RO         2979    .ARM.Collect$$libinit$$0000000C  c_p.l(libinit2.o)
    0x0800012e   0x00000004   Code   RO         2980    .ARM.Collect$$libinit$$0000000D  c_p.l(libinit2.o)
    0x08000132   0x00000000   Code   RO         2981    .ARM.Collect$$libinit$$0000000E  c_p.l(libinit2.o)
    0x08000132   0x00000000   Code   RO         2984    .ARM.Collect$$libinit$$00000011  c_p.l(libinit2.o)
    0x08000132   0x00000000   Code   RO         2986    .ARM.Collect$$libinit$$00000013  c_p.l(libinit2.o)
    0x08000132   0x00000000   Code   RO         2988    .ARM.Collect$$libinit$$00000015  c_p.l(libinit2.o)
    0x08000132   0x00000000   Code   RO         2990    .ARM.Collect$$libinit$$00000017  c_p.l(libinit2.o)
    0x08000132   0x00000000   Code   RO         2992    .ARM.Collect$$libinit$$00000019  c_p.l(libinit2.o)
    0x08000132   0x00000000   Code   RO         2994    .ARM.Collect$$libinit$$0000001B  c_p.l(libinit2.o)
    0x08000132   0x00000000   Code   RO         2996    .ARM.Collect$$libinit$$0000001D  c_p.l(libinit2.o)
    0x08000132   0x00000000   Code   RO         2998    .ARM.Collect$$libinit$$0000001F  c_p.l(libinit2.o)
    0x08000132   0x00000000   Code   RO         3000    .ARM.Collect$$libinit$$00000021  c_p.l(libinit2.o)
    0x08000132   0x00000000   Code   RO         3002    .ARM.Collect$$libinit$$00000023  c_p.l(libinit2.o)
    0x08000132   0x00000000   Code   RO         3004    .ARM.Collect$$libinit$$00000025  c_p.l(libinit2.o)
    0x08000132   0x00000000   Code   RO         3008    .ARM.Collect$$libinit$$0000002C  c_p.l(libinit2.o)
    0x08000132   0x00000000   Code   RO         3010    .ARM.Collect$$libinit$$0000002E  c_p.l(libinit2.o)
    0x08000132   0x00000000   Code   RO         3012    .ARM.Collect$$libinit$$00000030  c_p.l(libinit2.o)
    0x08000132   0x00000000   Code   RO         3014    .ARM.Collect$$libinit$$00000032  c_p.l(libinit2.o)
    0x08000132   0x00000002   Code   RO         3015    .ARM.Collect$$libinit$$00000033  c_p.l(libinit2.o)
    0x08000134   0x00000002   Code   RO         3101    .ARM.Collect$$libshutdown$$00000000  c_p.l(libshutdown.o)
    0x08000136   0x00000000   Code   RO         3117    .ARM.Collect$$libshutdown$$00000002  c_p.l(libshutdown2.o)
    0x08000136   0x00000000   Code   RO         3119    .ARM.Collect$$libshutdown$$00000004  c_p.l(libshutdown2.o)
    0x08000136   0x00000000   Code   RO         3122    .ARM.Collect$$libshutdown$$00000007  c_p.l(libshutdown2.o)
    0x08000136   0x00000000   Code   RO         3125    .ARM.Collect$$libshutdown$$0000000A  c_p.l(libshutdown2.o)
    0x08000136   0x00000000   Code   RO         3127    .ARM.Collect$$libshutdown$$0000000C  c_p.l(libshutdown2.o)
    0x08000136   0x00000000   Code   RO         3130    .ARM.Collect$$libshutdown$$0000000F  c_p.l(libshutdown2.o)
    0x08000136   0x00000002   Code   RO         3131    .ARM.Collect$$libshutdown$$00000010  c_p.l(libshutdown2.o)
    0x08000138   0x00000000   Code   RO         2962    .ARM.Collect$$rtentry$$00000000  c_p.l(__rtentry.o)
    0x08000138   0x00000000   Code   RO         3018    .ARM.Collect$$rtentry$$00000002  c_p.l(__rtentry2.o)
    0x08000138   0x00000006   Code   RO         3030    .ARM.Collect$$rtentry$$00000004  c_p.l(__rtentry4.o)
    0x0800013e   0x00000000   Code   RO         3020    .ARM.Collect$$rtentry$$00000009  c_p.l(__rtentry2.o)
    0x0800013e   0x00000004   Code   RO         3021    .ARM.Collect$$rtentry$$0000000A  c_p.l(__rtentry2.o)
    0x08000142   0x00000000   Code   RO         3023    .ARM.Collect$$rtentry$$0000000C  c_p.l(__rtentry2.o)
    0x08000142   0x00000008   Code   RO         3024    .ARM.Collect$$rtentry$$0000000D  c_p.l(__rtentry2.o)
    0x0800014a   0x00000002   Code   RO         3063    .ARM.Collect$$rtexit$$00000000  c_p.l(rtexit.o)
    0x0800014c   0x00000000   Code   RO         3083    .ARM.Collect$$rtexit$$00000002  c_p.l(rtexit2.o)
    0x0800014c   0x00000004   Code   RO         3084    .ARM.Collect$$rtexit$$00000003  c_p.l(rtexit2.o)
    0x08000150   0x00000006   Code   RO         3085    .ARM.Collect$$rtexit$$00000004  c_p.l(rtexit2.o)
    0x08000156   0x00000002   PAD
    0x08000158   0x00000038   Code   RO         2934    .emb_text           c_p.l(rand.o)
    0x08000190   0x00000038   Code   RO         2939    .emb_text           c_p.l(rt_memcpy.o)
    0x080001c8   0x00000038   Code   RO            4    .text               startup_stm32f030x6.o
    0x08000200   0x00000102   Code   RO         2932    .text               c_p.l(lludiv.o)
    0x08000302   0x00000002   PAD
    0x08000304   0x0000003c   Code   RO         2935    .text               c_p.l(rand.o)
    0x08000340   0x00000082   Code   RO         2940    .text               c_p.l(rt_memcpy.o)
    0x080003c2   0x00000040   Code   RO         2943    .text               c_p.l(rt_memclr.o)
    0x08000402   0x0000015a   Code   RO         2945    .text               c_p.l(aeabi_sdiv.o)
    0x0800055c   0x00000006   Code   RO         2949    .text               c_p.l(heapauxi.o)
    0x08000562   0x00000002   PAD
    0x08000564   0x00000160   Code   RO         2953    .text               fz_ps.l(fdiv.o)
    0x080006c4   0x00000030   Code   RO         2956    .text               fz_ps.l(ffixui.o)
    0x080006f4   0x0000005e   Code   RO         2958    .text               fz_ps.l(fflti.o)
    0x08000752   0x0000003e   Code   RO         3038    .text               c_p.l(sys_stackheap_outer.o)
    0x08000790   0x00000010   Code   RO         3041    .text               c_p.l(exit.o)
    0x080007a0   0x00000008   Code   RO         3059    .text               c_p.l(libspace.o)
    0x080007a8   0x0000000c   Code   RO         3077    .text               c_p.l(sys_exit.o)
    0x080007b4   0x00000002   Code   RO         3079    .text               c_p.l(use_no_semi.o)
    0x080007b6   0x00000000   Code   RO         3081    .text               c_p.l(indicate_semi.o)
    0x080007b6   0x00000002   PAD
    0x080007b8   0x00000010   Code   RO          331    i.DMA1_Channel4_5_IRQHandler  stm32f0xx_it.o
    0x080007c8   0x00000024   Code   RO         1401    i.DMA_CalcBaseAndBitshift  stm32f0xx_hal_dma.o
    0x080007ec   0x00000028   Code   RO         1402    i.DMA_SetConfig     stm32f0xx_hal_dma.o
    0x08000814   0x00000004   Code   RO           12    i.Error_Handler     main.o
    0x08000818   0x00000048   Code   RO         1404    i.HAL_DMA_Abort_IT  stm32f0xx_hal_dma.o
    0x08000860   0x00000006   Code   RO         1407    i.HAL_DMA_GetState  stm32f0xx_hal_dma.o
    0x08000866   0x0000009c   Code   RO         1408    i.HAL_DMA_IRQHandler  stm32f0xx_hal_dma.o
    0x08000902   0x00000002   PAD
    0x08000904   0x00000054   Code   RO         1409    i.HAL_DMA_Init      stm32f0xx_hal_dma.o
    0x08000958   0x0000006a   Code   RO         1413    i.HAL_DMA_Start_IT  stm32f0xx_hal_dma.o
    0x080009c2   0x00000002   PAD
    0x080009c4   0x00000024   Code   RO         1186    i.HAL_Delay         stm32f0xx_hal.o
    0x080009e8   0x000001a4   Code   RO         1342    i.HAL_GPIO_Init     stm32f0xx_hal_gpio.o
    0x08000b8c   0x0000000a   Code   RO         1344    i.HAL_GPIO_ReadPin  stm32f0xx_hal_gpio.o
    0x08000b96   0x0000000c   Code   RO         1346    i.HAL_GPIO_WritePin  stm32f0xx_hal_gpio.o
    0x08000ba2   0x00000002   PAD
    0x08000ba4   0x0000000c   Code   RO         1190    i.HAL_GetTick       stm32f0xx_hal.o
    0x08000bb0   0x0000004a   Code   RO         1016    i.HAL_I2CEx_ConfigAnalogFilter  stm32f0xx_hal_i2c_ex.o
    0x08000bfa   0x00000048   Code   RO         1017    i.HAL_I2CEx_ConfigDigitalFilter  stm32f0xx_hal_i2c_ex.o
    0x08000c42   0x00000002   Code   RO          548    i.HAL_I2C_AbortCpltCallback  stm32f0xx_hal_i2c.o
    0x08000c44   0x00000002   Code   RO          549    i.HAL_I2C_AddrCallback  stm32f0xx_hal_i2c.o
    0x08000c46   0x0000005e   Code   RO          552    i.HAL_I2C_ER_IRQHandler  stm32f0xx_hal_i2c.o
    0x08000ca4   0x00000010   Code   RO          553    i.HAL_I2C_EV_IRQHandler  stm32f0xx_hal_i2c.o
    0x08000cb4   0x00000002   Code   RO          555    i.HAL_I2C_ErrorCallback  stm32f0xx_hal_i2c.o
    0x08000cb6   0x00000002   PAD
    0x08000cb8   0x000000b4   Code   RO          559    i.HAL_I2C_Init      stm32f0xx_hal_i2c.o
    0x08000d6c   0x00000002   Code   RO          561    i.HAL_I2C_ListenCpltCallback  stm32f0xx_hal_i2c.o
    0x08000d6e   0x00000002   PAD
    0x08000d70   0x00000074   Code   RO          215    i.HAL_I2C_MspInit   i2c.o
    0x08000de4   0x00000002   Code   RO          585    i.HAL_I2C_SlaveRxCpltCallback  stm32f0xx_hal_i2c.o
    0x08000de6   0x00000002   Code   RO          586    i.HAL_I2C_SlaveTxCpltCallback  stm32f0xx_hal_i2c.o
    0x08000de8   0x00000126   Code   RO          587    i.HAL_I2C_Slave_Receive  stm32f0xx_hal_i2c.o
    0x08000f0e   0x00000156   Code   RO          594    i.HAL_I2C_Slave_Transmit  stm32f0xx_hal_i2c.o
    0x08001064   0x00000010   Code   RO         1196    i.HAL_IncTick       stm32f0xx_hal.o
    0x08001074   0x00000020   Code   RO         1197    i.HAL_Init          stm32f0xx_hal.o
    0x08001094   0x00000044   Code   RO         1198    i.HAL_InitTick      stm32f0xx_hal.o
    0x080010d8   0x00000028   Code   RO          397    i.HAL_MspInit       stm32f0xx_hal_msp.o
    0x08001100   0x00000018   Code   RO         1501    i.HAL_NVIC_EnableIRQ  stm32f0xx_hal_cortex.o
    0x08001118   0x00000008   Code   RO         1505    i.HAL_NVIC_SetPriority  stm32f0xx_hal_cortex.o
    0x08001120   0x000000e8   Code   RO         1151    i.HAL_RCCEx_PeriphCLKConfig  stm32f0xx_hal_rcc_ex.o
    0x08001208   0x00000108   Code   RO         1055    i.HAL_RCC_ClockConfig  stm32f0xx_hal_rcc.o
    0x08001310   0x0000005c   Code   RO         1063    i.HAL_RCC_GetSysClockFreq  stm32f0xx_hal_rcc.o
    0x0800136c   0x00000388   Code   RO         1066    i.HAL_RCC_OscConfig  stm32f0xx_hal_rcc.o
    0x080016f4   0x00000030   Code   RO         1509    i.HAL_SYSTICK_Config  stm32f0xx_hal_cortex.o
    0x08001724   0x00000002   Code   RO         2633    i.HAL_TIMEx_BreakCallback  stm32f0xx_hal_tim_ex.o
    0x08001726   0x00000002   Code   RO         2634    i.HAL_TIMEx_CommutCallback  stm32f0xx_hal_tim_ex.o
    0x08001728   0x0000005e   Code   RO         2636    i.HAL_TIMEx_ConfigBreakDeadTime  stm32f0xx_hal_tim_ex.o
    0x08001786   0x00000002   PAD
    0x08001788   0x00000050   Code   RO         2652    i.HAL_TIMEx_MasterConfigSynchronization  stm32f0xx_hal_tim_ex.o
    0x080017d8   0x00000080   Code   RO         2663    i.HAL_TIMEx_PWMN_Start  stm32f0xx_hal_tim_ex.o
    0x08001858   0x00000048   Code   RO         1933    i.HAL_TIM_Base_Init  stm32f0xx_hal_tim.o
    0x080018a0   0x00000050   Code   RO          253    i.HAL_TIM_Base_MspInit  tim.o
    0x080018f0   0x00000048   Code   RO         1938    i.HAL_TIM_Base_Start_IT  stm32f0xx_hal_tim.o
    0x08001938   0x000000dc   Code   RO         1942    i.HAL_TIM_ConfigClockSource  stm32f0xx_hal_tim.o
    0x08001a14   0x00000002   Code   RO         1963    i.HAL_TIM_ErrorCallback  stm32f0xx_hal_tim.o
    0x08001a16   0x00000002   Code   RO         1967    i.HAL_TIM_IC_CaptureCallback  stm32f0xx_hal_tim.o
    0x08001a18   0x00000162   Code   RO         1981    i.HAL_TIM_IRQHandler  stm32f0xx_hal_tim.o
    0x08001b7a   0x00000002   PAD
    0x08001b7c   0x00000074   Code   RO          254    i.HAL_TIM_MspPostInit  tim.o
    0x08001bf0   0x00000002   Code   RO         1984    i.HAL_TIM_OC_DelayElapsedCallback  stm32f0xx_hal_tim.o
    0x08001bf2   0x000000d0   Code   RO         2005    i.HAL_TIM_PWM_ConfigChannel  stm32f0xx_hal_tim.o
    0x08001cc2   0x00000048   Code   RO         2008    i.HAL_TIM_PWM_Init  stm32f0xx_hal_tim.o
    0x08001d0a   0x00000002   PAD
    0x08001d0c   0x00000060   Code   RO          256    i.HAL_TIM_PWM_MspInit  tim.o
    0x08001d6c   0x00000002   Code   RO         2011    i.HAL_TIM_PWM_PulseFinishedCallback  stm32f0xx_hal_tim.o
    0x08001d6e   0x00000002   Code   RO         2012    i.HAL_TIM_PWM_PulseFinishedHalfCpltCallback  stm32f0xx_hal_tim.o
    0x08001d70   0x00000190   Code   RO         2014    i.HAL_TIM_PWM_Start_DMA  stm32f0xx_hal_tim.o
    0x08001f00   0x000000dc   Code   RO          257    i.HAL_TIM_PeriodElapsedCallback  tim.o
    0x08001fdc   0x00000002   Code   RO         2024    i.HAL_TIM_TriggerCallback  stm32f0xx_hal_tim.o
    0x08001fde   0x00000002   Code   RO          332    i.HardFault_Handler  stm32f0xx_it.o
    0x08001fe0   0x00000024   Code   RO          333    i.I2C1_IRQHandler   stm32f0xx_it.o
    0x08002004   0x0000001c   Code   RO          598    i.I2C_DMAAbort      stm32f0xx_hal_i2c.o
    0x08002020   0x00000052   Code   RO          604    i.I2C_Disable_IRQ   stm32f0xx_hal_i2c.o
    0x08002072   0x00000022   Code   RO          606    i.I2C_Flush_TXDR    stm32f0xx_hal_i2c.o
    0x08002094   0x0000007c   Code   RO          607    i.I2C_ITAddrCplt    stm32f0xx_hal_i2c.o
    0x08002110   0x00000114   Code   RO          608    i.I2C_ITError       stm32f0xx_hal_i2c.o
    0x08002224   0x00000068   Code   RO          609    i.I2C_ITListenCplt  stm32f0xx_hal_i2c.o
    0x0800228c   0x0000013c   Code   RO          612    i.I2C_ITSlaveCplt   stm32f0xx_hal_i2c.o
    0x080023c8   0x0000006a   Code   RO          613    i.I2C_ITSlaveSeqCplt  stm32f0xx_hal_i2c.o
    0x08002432   0x00000002   PAD
    0x08002434   0x00000108   Code   RO          614    i.I2C_IsErrorOccurred  stm32f0xx_hal_i2c.o
    0x0800253c   0x00000130   Code   RO          622    i.I2C_Slave_ISR_IT  stm32f0xx_hal_i2c.o
    0x0800266c   0x00000026   Code   RO          624    i.I2C_TreatErrorCallback  stm32f0xx_hal_i2c.o
    0x08002692   0x00000062   Code   RO          625    i.I2C_WaitOnFlagUntilTimeout  stm32f0xx_hal_i2c.o
    0x080026f4   0x0000009c   Code   RO          626    i.I2C_WaitOnRXNEFlagUntilTimeout  stm32f0xx_hal_i2c.o
    0x08002790   0x00000056   Code   RO          627    i.I2C_WaitOnSTOPFlagUntilTimeout  stm32f0xx_hal_i2c.o
    0x080027e6   0x0000005a   Code   RO          628    i.I2C_WaitOnTXISFlagUntilTimeout  stm32f0xx_hal_i2c.o
    0x08002840   0x00000028   Code   RO          194    i.MX_DMA_Init       dma.o
    0x08002868   0x0000006c   Code   RO          170    i.MX_GPIO_Init      gpio.o
    0x080028d4   0x0000005c   Code   RO          216    i.MX_I2C1_Init      i2c.o
    0x08002930   0x00000030   Code   RO          258    i.MX_TIM14_Init     tim.o
    0x08002960   0x000000dc   Code   RO          259    i.MX_TIM1_Init      tim.o
    0x08002a3c   0x00000074   Code   RO          260    i.MX_TIM3_Init      tim.o
    0x08002ab0   0x00000002   Code   RO          334    i.NMI_Handler       stm32f0xx_it.o
    0x08002ab2   0x00000002   Code   RO          335    i.PendSV_Handler    stm32f0xx_it.o
    0x08002ab4   0x00000018   Code   RO          444    i.RGB_SendArray     ws2812.o
    0x08002acc   0x00000084   Code   RO          445    i.RGB_SetColor      ws2812.o
    0x08002b50   0x00000020   Code   RO          451    i.Reset_Load        ws2812.o
    0x08002b70   0x00000002   Code   RO          336    i.SVC_Handler       stm32f0xx_it.o
    0x08002b72   0x00000008   Code   RO          337    i.SysTick_Handler   stm32f0xx_it.o
    0x08002b7a   0x0000007a   Code   RO           13    i.SystemClock_Config  main.o
    0x08002bf4   0x00000002   Code   RO         2897    i.SystemInit        system_stm32f0xx.o
    0x08002bf6   0x00000002   PAD
    0x08002bf8   0x00000010   Code   RO          338    i.TIM14_IRQHandler  stm32f0xx_it.o
    0x08002c08   0x00000078   Code   RO         2026    i.TIM_Base_SetConfig  stm32f0xx_hal_tim.o
    0x08002c80   0x0000001a   Code   RO         2027    i.TIM_CCxChannelCmd  stm32f0xx_hal_tim.o
    0x08002c9a   0x0000001a   Code   RO         2672    i.TIM_CCxNChannelCmd  stm32f0xx_hal_tim_ex.o
    0x08002cb4   0x00000066   Code   RO         2030    i.TIM_DMADelayPulseCplt  stm32f0xx_hal_tim.o
    0x08002d1a   0x00000038   Code   RO         2031    i.TIM_DMADelayPulseHalfCplt  stm32f0xx_hal_tim.o
    0x08002d52   0x00000054   Code   RO         2032    i.TIM_DMAError      stm32f0xx_hal_tim.o
    0x08002da6   0x00000016   Code   RO         2037    i.TIM_ETR_SetConfig  stm32f0xx_hal_tim.o
    0x08002dbc   0x00000010   Code   RO         2038    i.TIM_ITRx_SetConfig  stm32f0xx_hal_tim.o
    0x08002dcc   0x00000078   Code   RO         2039    i.TIM_OC1_SetConfig  stm32f0xx_hal_tim.o
    0x08002e44   0x00000074   Code   RO         2040    i.TIM_OC2_SetConfig  stm32f0xx_hal_tim.o
    0x08002eb8   0x00000078   Code   RO         2041    i.TIM_OC3_SetConfig  stm32f0xx_hal_tim.o
    0x08002f30   0x00000060   Code   RO         2042    i.TIM_OC4_SetConfig  stm32f0xx_hal_tim.o
    0x08002f90   0x00000022   Code   RO         2044    i.TIM_TI1_ConfigInputStage  stm32f0xx_hal_tim.o
    0x08002fb2   0x00000026   Code   RO         2046    i.TIM_TI2_ConfigInputStage  stm32f0xx_hal_tim.o
    0x08002fd8   0x00000030   Code   RO         1141    i.__ARM_common_ll_muluu  stm32f0xx_hal_rcc.o
    0x08003008   0x00000044   Code   RO         1511    i.__NVIC_SetPriority  stm32f0xx_hal_cortex.o
    0x0800304c   0x00000104   Code   RO          417    i.key_scanf         key.o
    0x08003150   0x000001b0   Code   RO          528    i.led_update        led.o
    0x08003300   0x000000fc   Code   RO           14    i.main              main.o
    0x080033fc   0x00000024   Code   RO          452    i.rgb_show          ws2812.o
    0x08003420   0x000000b0   Code   RO         2960    x$fpl$fmul          fz_ps.l(fmul.o)
    0x080034d0   0x00000000   Code   RO         3016    x$fpl$usenofp       fz_ps.l(usenofp.o)
    0x080034d0   0x00000020   Data   RO         1067    .constdata          stm32f0xx_hal_rcc.o
    0x080034f0   0x00000010   Data   RO         2898    .constdata          system_stm32f0xx.o
    0x08003500   0x00000040   Data   RO         2954    .constdata          fz_ps.l(fdiv.o)
    0x08003540   0x00000020   Data   RO         3132    Region$$Table       anon$$obj.o


    Execution Region RW_IRAM1 (Base: 0x20000000, Size: 0x00000bb0, Max: 0x00001000, ABSOLUTE)

    Base Addr    Size         Type   Attr      Idx    E Section Name        Object

    0x20000000   0x0000000c   Data   RW           16    .data               main.o
    0x2000000c   0x00000004   Data   RW           17    .data               main.o
    0x20000010   0x00000001   Data   RW           18    .data               main.o
    0x20000011   0x00000001   Data   RW           19    .data               main.o
    0x20000012   0x00000001   Data   RW           20    .data               main.o
    0x20000013   0x00000001   PAD
    0x20000014   0x00000008   Data   RW          262    .data               tim.o
    0x2000001c   0x00000008   Data   RW          418    .data               key.o
    0x20000024   0x00000004   Data   RW          419    .data               key.o
    0x20000028   0x0000000f   Data   RW          464    .data               ws2812.o
    0x20000037   0x00000001   PAD
    0x20000038   0x0000000c   Data   RW         1204    .data               stm32f0xx_hal.o
    0x20000044   0x00000004   Data   RW         2900    .data               system_stm32f0xx.o
    0x20000048   0x00000014   Zero   RW           15    .bss                main.o
    0x2000005c   0x00000054   Zero   RW          217    .bss                i2c.o
    0x200000b0   0x0000011c   Zero   RW          261    .bss                tim.o
    0x200001cc   0x000002a0   Zero   RW          453    .bss                ws2812.o
    0x2000046c   0x000000e4   Zero   RW         2936    .bss                c_p.l(rand.o)
    0x20000550   0x00000060   Zero   RW         3060    .bss                c_p.l(libspace.o)
    0x200005b0   0x00000200   Zero   RW            2    HEAP                startup_stm32f030x6.o
    0x200007b0   0x00000400   Zero   RW            1    STACK               startup_stm32f030x6.o


==============================================================================

Image component sizes


      Code (inc. data)   RO Data    RW Data    ZI Data      Debug   Object Name

        40          4          0          0          0        738   dma.o
       108          6          0          0          0        879   gpio.o
       208         22          0          0         84       1637   i2c.o
       260         26          0         12          0        896   key.o
       432         50          0          0          0        773   led.o
       378         24          0         19         20     263279   main.o
        56         26        176          0       1536        636   startup_stm32f030x6.o
       164         30          0         12          0       7821   stm32f0xx_hal.o
       148         24          0          0          0      10309   stm32f0xx_hal_cortex.o
       500         16          0          0          0       5361   stm32f0xx_hal_dma.o
       442         24          0          0          0       2747   stm32f0xx_hal_gpio.o
      3044         64          0          0          0      22048   stm32f0xx_hal_i2c.o
       146          0          0          0          0       1895   stm32f0xx_hal_i2c_ex.o
        40          6          0          0          0        826   stm32f0xx_hal_msp.o
      1308         56         32          0          0       4074   stm32f0xx_hal_rcc.o
       232         14          0          0          0       1360   stm32f0xx_hal_rcc_ex.o
      2360        108          0          0          0      18803   stm32f0xx_hal_tim.o
       332         16          0          0          0       4568   stm32f0xx_hal_tim_ex.o
        84         16          0          0          0       4015   stm32f0xx_it.o
         2          0         16          4          0       1111   system_stm32f0xx.o
       896        132          0          8        284       5160   tim.o
       224         16          0         15        672       3478   ws2812.o

    ----------------------------------------------------------------------
     11424        680        256         72       2596     362414   Object Totals
         0          0         32          0          0          0   (incl. Generated)
        20          0          0          2          0          0   (incl. Padding)

    ----------------------------------------------------------------------

      Code (inc. data)   RO Data    RW Data    ZI Data      Debug   Library Member Name

         8          0          0          0          0         68   __main.o
         0          0          0          0          0          0   __rtentry.o
        12          0          0          0          0          0   __rtentry2.o
         6          0          0          0          0          0   __rtentry4.o
        60          8          0          0          0          0   __scatter.o
        26          0          0          0          0          0   __scatter_copy.o
        28          0          0          0          0          0   __scatter_zi.o
       346          0          0          0          0         92   aeabi_sdiv.o
        16          0          0          0          0         68   exit.o
         6          0          0          0          0        136   heapauxi.o
         0          0          0          0          0          0   indicate_semi.o
         2          0          0          0          0          0   libinit.o
         6          0          0          0          0          0   libinit2.o
         2          0          0          0          0          0   libshutdown.o
         2          0          0          0          0          0   libshutdown2.o
         8          4          0          0         96         68   libspace.o
       258          0          0          0          0         88   lludiv.o
       116         16          0          0        228        156   rand.o
        64          0          0          0          0        108   rt_memclr.o
       186          0          0          0          0        144   rt_memcpy.o
         2          0          0          0          0          0   rtexit.o
        10          0          0          0          0          0   rtexit2.o
        12          4          0          0          0         60   sys_exit.o
        62          0          0          0          0         80   sys_stackheap_outer.o
         2          0          0          0          0         68   use_no_semi.o
       352         10         64          0          0         92   fdiv.o
        48          0          0          0          0         60   ffixui.o
        94          0          0          0          0         92   fflti.o
       176          4          0          0          0         80   fmul.o
         0          0          0          0          0          0   usenofp.o

    ----------------------------------------------------------------------
      1920         46         64          0        324       1460   Library Totals
        10          0          0          0          0          0   (incl. Padding)

    ----------------------------------------------------------------------

      Code (inc. data)   RO Data    RW Data    ZI Data      Debug   Library Name

      1240         32          0          0        324       1136   c_p.l
       670         14         64          0          0        324   fz_ps.l

    ----------------------------------------------------------------------
      1920         46         64          0        324       1460   Library Totals

    ----------------------------------------------------------------------

==============================================================================


      Code (inc. data)   RO Data    RW Data    ZI Data      Debug   

     13344        726        320         72       2920     358426   Grand Totals
     13344        726        320         72       2920     358426   ELF Image Totals
     13344        726        320         72          0          0   ROM Totals

==============================================================================

    Total RO  Size (Code + RO Data)                13664 (  13.34kB)
    Total RW  Size (RW Data + ZI Data)              2992 (   2.92kB)
    Total ROM Size (Code + RO Data + RW Data)      13736 (  13.41kB)

==============================================================================

